border_size=1
usage=map

Xu          , Uh          , Uu          , Rr          , Uu          , Uh          , Xu          , Xu          , Xu          , Xu          , Xu          , Xu          , Xu          , Xu          , Xu          , Xu          , Xu          , Xu          , Xu          , Xu          , Xu          , Xu          , Xu          , Wo          , Wo          , Xu          , Xu          , Xu          , Xu          , Xu          , Xu          , Xu          , Xu          , Xu          , Xu          , Wo          , Wo          
Xu          , Xu          , Xu          , Rr          , Rr          , Uu          , Ce          , Xu          , Xu          , Xu          , Xu          , Xu          , Xu          , Xu          , Xu          , Xu          , Xu          , Xu          , Xu          , Xu          , Xu          , Xu          , Xu          , Wo          , Wo          , Xu          , Xu          , Xu          , Xu          , Xu          , Xu          , Xu          , Xu          , Xu          , Xu          , Wo          , Xu          
Xu          , Xu          , Xu          , Uu^Uf       , Uu          , Rr          , Ce          , 1 Ke        , Ce          , Uu^Uf       , Xu          , Xu          , Cud         , Cud         , Uu^Uf       , Uh          , Uu^Uf       , Uu^Uf       , Uu^Uf       , Uh          , Uh          , Uh          , Uu          , Ww          , Ss          , Xu          , Xu          , Xu          , Xu          , Xu          , Xu          , Xu          , Xu          , Xu          , Wo          , Wo          , Xu          
Xu          , Xu          , Xu          , Cud         , Uu^Vu       , Rr          , Rr          , Ce          , Uu          , Uu^Uf       , Cud         , Xu          , Rr          , Rr          , Ryd         , Uu          , Rr          , Uu^Uf       , Rr          , Uh          , Uu^Uf       , Uu^Vud      , Ryd         , Wwf         , Wwf         , Xu          , Rr          , Uh          , Uh          , Uh          , Uh          , Xu          , Xu          , Xu          , Wo          , Xu          , Xu          
Xu          , Xu          , Xu          , Xu          , Cud         , Uu          , Uu^Uf       , Rr          , Rr          , Uu          , Rr          , Ryd         , Uu          , Uh          , Uu^Vu       , Ryd         , Uu          , Rr          , Re^Uf       , Ryd         , Ryd         , Ryd         , Ss          , Wwf         , Wwf         , Ryd         , Ryd         , Uu          , Ryd         , Uu          , Uh          , Uh          , Ss          , Ss          , Xu          , Xu          , Xu          
Xu          , Xu          , Xu          , Cud         , Cud         , Xu          , Cud         , Uu          , Ryd         , Rr          , Ryd         , Ryd         , Uh          , Uh          , Ryd         , Uh          , Cud         , Uu^Uf       , Cud         , Re^Uf       , Uu^Uf       , Ryd         , Uu^Uf       , Ss          , Ss          , Uu          , Xu          , Rr          , Uh          , Ryd         , Rr          , Uu          , Ss          , Wo          , Xu          , Xu          , Xu          
Xu          , Xu          , Xu          , Xu          , Xu          , Xu          , Ww          , Ryd         , Uu^Vud      , Uu          , Cud         , Cud         , Xu          , Xu          , Yr          , Cud         , Xu          , Cud         , Xu          , Cud         , Uu^Uf       , Ryd         , Uu^Uf       , Uu^Uf       , Wwf         , Wwf         , Xu          , Uh          , Uh          , Uu          , Uu          , Wwf         , Wwf         , Ww          , Uu          , Xu          , Xu          
Wo          , Xu          , Xu          , Xu          , Wo          , Wo          , Ww          , Ryd         , Ryd         , Xu          , Xu          , Xu          , Xu          , Xu          , Yr          , Xu          , Xu          , Xu          , Xu          , Xu          , Ryd         , Ryd         , Uu^Uf       , Uh          , Ww          , Ww          , Xu          , Xu          , Xu          , Xu          , Ww          , Wwf         , Ryd         , Uu          , Uu          , Xu          , Xu          
Wo          , Wo          , Wo          , Xu          , Ww          , Xu          , Uu          , Ryd         , Uh          , Ryd         , Yr          , Xu          , Xu          , Xu          , Cud         , Xu          , Xu          , Xu          , Yr          , Ryd         , Uu^Uf       , Ryd         , Uh          , Uh          , Wo          , Wo          , Xu          , Xu          , Uu          , Wo          , Uu          , Ryd         , Uu          , Uu^Vud      , Xu          , Xu          , Xu          
Wo          , Wo          , Ww          , Ww          , Ww          , Uh          , Uu^Uf       , Ryd         , Uu^Uf       , Xu          , Xu          , Yr          , Cud         , Xu          , Uu^Cd       , Xu          , Cud         , Yr          , Xu          , Xu          , Uh          , Ryd         , Uu^Uf       , Uh          , Ww          , Wo          , Uh          , Uu          , Uu          , Ww          , Rr          , Ryd         , Uh          , Uu          , Xu          , Xu          , Xu          
Xu          , Xu          , Xu          , Xu          , Xu          , Uh          , Uu^Uf       , Ryd         , Uh          , Xu          , Xu          , Xu          , Xu          , Uu^Cd       , Uu^Ii       , Uu^Cd       , Xu          , Xu          , Xu          , Xu          , Uh          , Ryd         , Uu^Uf       , Uh          , Wo          , Ww          , Uh          , Uh          , Ryd         , Wwf         , Wo          , Xu          , Uh          , Xu          , Xu          , Xu          , Xu          
Wo          , Xu          , Wo          , Xu          , Ww          , Uh          , Uh          , Ryd         , Ryd         , Xu          , Yr          , Xu          , Cud         , Uu^Cd       , Uu^Cd       , Uu^Cd       , Cud         , Xu          , Yr          , Xu          , Ryd         , Ryd         , Uh          , Wo          , Wo          , Wo          , Uu          , Uh          , Ryd         , Xu          , Wo          , Xu          , Xu          , Xu          , Xu          , Xu          , Xu          
Wo          , Wo          , Wo          , Ww          , Ww          , Ww          , Uh          , Ryd         , Uh          , Ryd         , Xu          , Yr          , Xu          , Uu^Cd       , Uu^Ii       , Uu^Cd       , Xu          , Yr          , Xu          , Ryd         , Uu^Uf       , Ryd         , Uh          , Wo          , Wo          , Xu          , Xu          , Rr          , Uu          , Uu^Vu       , Wo          , Xu          , Xu          , Xu          , Xu          , Xu          , Wo          
Wo          , Wo          , Xu          , Wo          , Uh          , Uh          , Uu^Uf       , Ryd         , Uh          , Xu          , Xu          , Xu          , Cud         , Uu^Cd       , Uu^Cd       , Uu^Cd       , Cud         , Xu          , Xu          , Xu          , Uh          , Ryd         , Uh          , Ww          , Wo          , Xu          , Xu          , Wwf         , Ww          , Wo          , Ww          , Wo          , Wo          , Wo          , Wo          , Wo          , Xu          
Xu          , Xu          , Xu          , Xu          , Xu          , Uh          , Uh          , Ryd         , Ryd         , Ryd         , Yr          , Yr          , Xu          , Uu^Cd       , Uu^Ii       , Uu^Cd       , Xu          , Yr          , Yr          , Ryd         , Ryd         , Ryd         , Uu          , Ww          , Ww          , Wo          , Ww          , Wwf         , Wwf         , Ww          , Ss          , Ss          , Xu          , Xu          , Xu          , Xu          , Xu          
Xu          , Xu          , Xu          , Xu          , Xu          , Xu          , Uh          , Ryd         , Uu^Uf       , Xu          , Xu          , Xu          , Cud         , Uu^Cd       , Uu^Cd       , Uu^Cd       , Cud         , Xu          , Xu          , Xu          , Uh          , Ryd         , Uu^Vud      , Uh          , Ww          , Wo          , Wo          , Uu          , Uu          , Rr          , Rr          , Ss          , Ss          , Xu          , Xu          , Xu          , Xu          
Xu          , Xu          , Xu          , Xu          , Xu          , Xu          , Uu          , Ryd         , Uh          , Xu          , Yr          , Yr          , Xu          , Xu          , Cud         , Xu          , Xu          , Yr          , Yr          , Xu          , Uh          , Ryd         , Uu^Uf       , Uh          , Xu          , Ww          , Ww          , Xu          , Xu          , Xu          , Ryd         , Ss          , Ss          , Xu          , Xu          , Xu          , Xu          
Xu          , Xu          , Xu          , Xu          , Xu          , Xu          , Uu^Uf       , Ryd         , Ryd         , Ryd         , Xu          , Xu          , Xu          , Xu          , Yr          , Xu          , Xu          , Xu          , Xu          , Ryd         , Ryd         , Ryd         , Uu^Uf       , Uh          , Xu          , Ss          , Ww          , Xu          , Xu          , Uu          , Ryd         , Ss          , Xu          , Xu          , Xu          , Xu          , Xu          
Xu          , Xu          , Xu          , Xu          , Xu          , Uh          , Uu^Uf       , Ryd         , Ryd         , Uh          , Uh          , Xu          , Xu          , Xu          , Yr          , Xu          , Xu          , Xu          , Uu^Vud      , Uh          , Ryd         , Rr          , Uu^Uf       , Uh          , Xu          , Ss          , Ss          , Xu          , Xu          , Uu          , Ryd         , Uu^Uf       , Uu^Uf       , Xu          , Xu          , Xu          , Xu          
Xu          , Xu          , Xu          , Xu          , Xu          , Uh          , Uh          , Uu          , Uu^Uf       , Ryd         , Ryd         , Uh          , Uu          , Xu          , Ryd         , Xu          , Uh          , Uu          , Ryd         , Ryd         , Uu          , Rr          , Uh          , Uh          , Xu          , Xu          , Ww          , Ww          , Uu^Vud      , Uu          , Ryd         , Uh          , Uu^Uf       , Uh          , Xu          , Xu          , Xu          
Xu          , Xu          , Xu          , Xu          , Xu          , Ss          , Ss          , Uu          , Uh          , Uh          , Uh          , Ryd         , Ryd         , Uh          , Ryd         , Uh          , Ryd         , Ryd         , Uu^Uf       , Uh          , Uh          , Rr          , Ryd         , Uu          , Uu          , Uu          , Wwf         , Wwf         , Ryd         , Ryd         , Ryd         , Uh          , Uu^Uf       , Uh          , Xu          , Xu          , Xu          
Xu          , Xu          , Xu          , Xu          , Xu          , Ss          , Ss          , Uu          , Uu^Uf       , Uh          , Uh          , Uu^Uf       , Uh          , Ryd         , Ryd         , Ryd         , Uh          , Uu^Uf       , Uh          , Uh          , Uu          , Uu          , Uh          , Ryd         , Ryd         , Ryd         , Ww          , Wwf         , Xu          , Uu          , Uu          , Ryd         , Uh          , Uu^Uf       , Xu          , Xu          , Xu          
Xu          , Xu          , Xu          , Xu          , Xu          , Xu          , Ss          , Uu          , Uu          , Uu          , Uh          , Uh          , Uu          , Uu^Uf       , Uu^Uf       , Uh          , Uu^Vu       , Uh          , Uu          , Uu          , Ryd         , Uu^Uf       , Uh          , Ryd         , Ryd         , Xu          , Ss          , Ww          , Ss          , Xu          , Xu          , Ryd         , Uu          , Uu^Uf       , Xu          , Xu          , Xu          
Xu          , Xu          , Xu          , Xu          , Xu          , Xu          , Uu^Uf       , Uu^Vud      , Uu          , Uu          , Uu^Uf       , Uu^Uf       , Uu          , Uu          , Uh          , Uh          , Uu          , Uu          , Ryd         , Ryd         , Xu          , Uh          , Uh          , Uh          , Ryd         , Xu          , Ss          , Ss          , Ss          , Xu          , Uu          , Ryd         , Uu          , Uu^Uf       , Uu^Uf       , Xu          , Xu          
Xu          , Xu          , Xu          , Xu          , Uh          , Uu^Uf       , Uu          , Uu          , Ss          , Xu          , Ww          , Wwf         , Wwf         , Xu          , Xu          , Uh          , Ss          , Ss          , Ryd         , Xu          , Xu          , Xu          , Uu^Uf       , Uh          , Ryd         , Xu          , Xu          , Ss          , Ss          , Ss          , Wwf         , Ryd         , Uu          , Uu          , Uu^Uf       , Xu          , Xu          
Xu          , Xu          , Xu          , Uh          , Uu^Uf       , Uu^Uf       , Uu          , Ss          , Ss          , Ss          , Ww          , Xu          , Wwf         , Xu          , Ww          , Ss          , Ww          , Ss          , Ryd         , Xu          , Xu          , Uu^Uf       , Uu^Uf       , Uh          , Uu          , Xu          , Ww          , Ww          , Xu          , Ww          , Wwf         , Ww          , Ww          , Uu^Uf       , Uu^Uf       , Xu          , Xu          
Xu          , Xu          , Yr          , Uh          , Uh          , Uh          , Uu          , Ss          , Wwf         , Wwf         , Uu^Uf       , Xu          , Wwf         , Ww          , Wwf         , Wwf         , Uu          , Xu          , Ryd         , Xu          , Uu          , Uu^Uf       , Uu^Uf       , Uu^Uf       , Wwf         , Wwf         , Yr          , Yr          , Yr          , Xu          , Ss          , Ww          , Wwf         , Uu          , Uu          , Xu          , Xu          
Xu          , Xu          , Yr          , Uu^Ii       , Uh          , Uu          , Uu^Uf       , Uu^Uf       , Wwf         , Uu^Ii       , Wwf         , Wwf         , Wwf         , Wwf         , Uu          , Uu^Ii       , Uu          , Uu          , Uu          , Uu          , Uu          , Uu^Ii       , Wwf         , Wwf         , Wwf         , Uu          , Yr          , Uu^Ii       , Yr          , Ss          , Wwf         , Wwf         , Wwf         , Uu^Ii       , Uu          , Xu          , Xu          
Xu          , Xu          , Xu          , Yr          , Uh          , Xu          , Uu^Uf       , Uu^Uf       , Ss          , Wwf         , Ww          , Xu          , Wwf         , Wwf         , Ss          , Uu          , Xu          , Xu          , Uu          , Xu          , Ss          , Uu          , Wwf         , Uu^Uf       , Wwf         , Wwf         , Xu          , Yr          , Ss          , Ss          , Wwf         , Wwf         , Xu          , Uu          , Xu          , Xu          , Xu          
Xu          , Xu          , Xu          , Uh          , Uh          , Xu          , Ss          , Ss          , Ss          , Ss          , Ww          , Ss          , Uu^Uf       , Ss          , Xu          , Xu          , Xu          , Xu          , Wwf         , Ss          , Ss          , Wwf         , Wwf         , Uu^Uf       , Uu          , Wwf         , Xu          , Xu          , Ww          , Ss          , Uu^Vu       , Xu          , Xu          , Xu          , Xu          , Xu          , Xu          
Xu          , Xu          , Yr          , Yr          , Yr          , Wwf         , Wwf         , Ss          , Uu          , Ss          , Uu          , Ss          , Wwf         , Ss          , Yr          , Yr          , Yr          , Ss          , Wwf         , Ss          , Wwf         , Ss          , Uu          , Uu^Uf       , Ryd         , Wwf         , Wwf         , Wwf         , Wwf         , Ww          , Uu          , Xu          , Uu^Uf       , Uu^Uf       , Uu          , Xu          , Xu          
Xu          , Xu          , Yr          , Uu^Ii       , Yr          , Wwf         , Uu^Uf       , Uu^Uf       , Uu          , Uu^Ii       , Uu          , Wwf         , Wwf         , Uu^Uf       , Uu^Uf       , Uu^Ii       , Yr          , Wwf         , Wwf         , Wwf         , Uu          , Uu^Ii       , Uu          , Uu          , Ryd         , Ww          , Ww          , Uh          , Wwf         , Wwf         , Uu          , Uu          , Uu          , Uh          , Uu          , Xu          , Xu          
Xu          , Xu          , Xu          , Uu^Uf       , Uu^Uf       , Ss          , Wwf         , Xu          , Ss          , Uu          , Xu          , Xu          , Wwf         , Wwf         , Wwf         , Wwf         , Wwf         , Ss          , Wwf         , Xu          , Xu          , Uu          , Xu          , Xu          , Ww          , Ww          , Xu          , Ww          , Ww          , Ww          , Uu          , Xu          , Uu^Uf       , Uu^Uf       , Xu          , Xu          , Xu          
Xu          , Xu          , Xu          , Uu^Uf       , Uu^Uf       , Wwf         , Wwf         , Ss          , Ss          , Xu          , Ss          , Ss          , Ss          , Ss          , Xu          , Wwf         , Xu          , Xu          , Uu^Uf       , Xu          , Xu          , Xu          , Wwf         , Ww          , Ryd         , Xu          , Xu          , Xu          , Ww          , Ww          , Uu          , Xu          , Uu^Uf       , Xu          , Xu          , Xu          , Xu          
Xu          , Xu          , Uu          , Uu          , Uu^Uf       , Xu          , Wwf         , Ww          , Wwf         , Wwf         , Wwf         , Ss          , Uu^Uf       , Xu          , Uu          , Uu          , Yr          , Uu^Uf       , Uu^Uf       , Xu          , Uu          , Wwf         , Wwf         , Ww          , Ryd         , Uu          , Yr          , Yr          , Wwf         , Ww          , Uu          , Xu          , Uu^Uf       , Uu^Uf       , Uu          , Xu          , Xu          
Ss          , Xu          , Uu          , Uh          , Uu          , Uu          , Wwf         , Wwf         , Wwf         , Uu^Ii       , Uu          , Uu^Uf       , Uu^Uf       , Uu          , Uu          , Uu^Ii       , Uu          , Yr          , Uu^Uf       , Uu^Uf       , Uu          , Uh          , Uu          , Wwf         , Wwf         , Uu          , Yr          , Uu^Ii       , Wwf         , Wwf         , Wwf         , Uu^Uf       , Uu          , Uu^Ii       , Uu          , Xu          , Xu          
Ss          , Ss          , Ss          , Uu          , Ww          , Ww          , Wwf         , Ss          , Ss          , Uu          , Xu          , Xu          , Wwf         , Wwf         , Ww          , Uu          , Ww          , Wwf         , Ww          , Ww          , Wo          , Uu          , Ww          , Wwf         , Wwf         , Ww          , Ww          , Ww          , Uh          , Wwf         , Wwf         , Ww          , Ww          , Uu          , Ww          , Xu          , Xu          
Xu          , Ss          , Ss          , Ss          , Ss          , Ww          , Uu          , Ss          , Ss          , Ww          , Ww          , Ww          , Ww          , Wwf         , Wwf         , Ww          , Xu          , Wwf         , Uu          , Ww          , Xu          , Wo          , Wo          , Ww          , Uu          , Ww          , Xu          , Ww          , Uh          , Uu          , Uu^Uf       , Ww          , Ww          , Ww          , Ww          , Ww          , Ww          
Xu          , Xu          , Xu          , Ss          , Xu          , Ss          , Ss          , Ss          , Ww          , Ww          , Uh          , Ww          , Xu          , Wwf         , Uu^Vud      , Xu          , Xu          , Uh          , Re^Uf       , Uh          , Uh          , Xu          , Xu          , Uh          , Uu          , Uh          , Uh          , Xu          , Uh          , Ryd         , Uu          , Uh          , Xu          , Ww          , Xu          , Ww          , Ww          
Xu          , Xu          , Xu          , Xu          , Xu          , Ss          , Ss          , Ss          , Uh          , Uh          , Uh          , Xu          , Uu          , Rp          , Yr          , Yr          , Uu^Uf       , Re^Uf       , Re^Uf       , Rd          , Rd          , Re^Uf       , Uu^Uf       , Uh          , Uu          , Uu^Vu       , Uh          , Xu          , Xu          , Ryd         , Uu          , Uu^Vud      , Xu          , Xu          , Xu          , Xu          , Xu          
Xu          , Xu          , Xu          , Xu          , Xu          , Xu          , Xu          , Uu^Uf       , Uu^Uf       , Uh          , Re^Uf       , Uu          , Ryd         , Rp          , Xu          , Uu^Uf       , Xu          , Uu^Uf       , Uh          , Uh          , Uh          , Uh          , Uh          , Ryd         , Uu          , Uu^Uf       , Uu^Uf       , Uh          , Uu          , Rd          , Uh          , Xu          , Xu          , Xu          , Xu          , Xu          , Xu          
Xu          , Xu          , Xu          , Xu          , Xu          , Xu          , Uh          , Uu^Uf       , Uu^Uf       , Uu^Uf       , Re^Uf       , Ryd         , Uu^Vu       , Xu          , Xu          , Xu          , Xu          , Xu          , Xu          , Xu          , Xu          , Xu          , Uu^Uf       , Ryd         , Uu          , Rd          , Rd          , Uu          , Ryd         , Rd          , Uh          , Xu          , Xu          , Xu          , Xu          , Xu          , Xu          
Xu          , Xu          , Xu          , Xu          , Xu          , Xu          , Uh          , Uu^Uf       , Uh          , Uu^Uf       , Uu^Uf       , Ryd         , Ryd         , Xu          , Xu          , Xu          , Xu          , Xu          , Xu          , Xu          , Xu          , Xu          , Xu          , Uu^Uf       , Xu          , Uh          , Uh          , Uu          , Uh          , Ryd         , Uu^Uf       , Uh          , Xu          , Xu          , Xu          , Xu          , Xu          
Xu          , Xu          , Xu          , Xu          , Xu          , Xu          , Xu          , Uh          , Xu          , Uu^Uf       , Uh          , Uu^Uf       , Re^Uf       , Rd          , Re          , Xu          , Uh          , Uh          , Uh          , Uh          , Uh          , Xu          , Xu          , Xu          , Xu          , Xu          , Xu          , Xu          , Uh          , Rd          , Uh          , Uh          , Xu          , Xu          , Xu          , Xu          , Xu          
Xu          , Xu          , Xu          , Xu          , Xu          , Xu          , Xu          , Xu          , Xu          , Uh          , Uu^Uf       , Uu^Uf       , Uh          , Re^Uf       , Uu          , Uu          , Re          , Uh          , Uu          , Uu          , Uh          , Xu          , Uu          , Xu          , Uh          , Xu          , Xu          , Xu          , Uu          , Rd          , Uu^Uf       , Xu          , Xu          , Xu          , Xu          , Xu          , Xu          
Qxu         , Xu          , Qxu         , Xu          , Xu          , Xu          , Xu          , Xu          , Xu          , Xu          , Uu^Uf       , Uh          , Xu          , Uh          , Uh          , Uu          , Re          , Re^Uf       , Uu          , Rp          , Rp          , Xu          , Uh          , Uh          , Uh          , Uh          , Uu          , Uu          , Rd          , Uu^Uf       , Uh          , Xu          , Xu          , Xu          , Xu          , Xu          , Xu          
Qxu         , Qxu         , Qxu         , Qxu         , Qxu         , Qxu         , Qxu         , Xu          , Xu          , Uh          , Uu^Uf       , Uu^Uf       , Xu          , Uh          , Xu          , Uh          , Re^Uf       , Rd          , Uu^Vud      , Xu          , Uu          , Rp          , Uu          , Uu          , Uh          , Uu^Uf       , Uu^Uf       , Rd          , Qxu         , Uh          , Xu          , Xu          , Xu          , Xu          , Xu          , Xu          , Xu          
Qxu         , Qxu         , Qxu         , Qxu         , Qxu         , Qxu         , Qxu         , Xu          , Qxu         , Uh          , Uh          , Xu          , Xu          , Xu          , Xu          , Uu^Uf       , Re^Uf       , Uh          , Uh          , Uu          , Rp          , Rp          , Xu          , Uu          , Uh          , Uu^Uf       , Rd          , Re^Uf       , Uu          , Qxu         , Qxu         , Xu          , Qxu         , Xu          , Qxu         , Xu          , Xu          
Qxu         , Qxu         , Qxu         , Qxu         , Qxu         , Qxu         , Qxu         , Qxu         , Qxu         , Qxu         , Qxu         , Qxu         , Qxu         , Qxu         , Uu^Uf       , Uu^Uf       , Uu^Uf       , Qxu         , Uh          , Rd          , Uu^Uf       , Uu^Uf       , Uh          , Qxu         , Uh          , Uu^Uf       , Rd          , Re^Uf       , Uu          , Qxu         , Qxu         , Qxu         , Qxu         , Qxu         , Qxu         , Qxu         , Qxu         
Qxu         , Qxu         , Qxu         , Qxu         , Xu          , Qxu         , Qxu         , Qxu         , Qxu         , Qxu         , Qxu         , Qxu         , Qxu         , Qxu         , Uu          , Re          , Xu          , Qxu         , Uh          , Rp          , Uu^Uf       , Uh          , Uh          , Qxu         , Qxu         , Uh          , Re^Uf       , Rp          , Qxu         , Qxu         , Qxu         , Qxu         , Qxu         , Xu          , Xu          , Qxu         , Qxu         
Qxu         , Qxu         , Qxu         , Qxu         , Xu          , Xu          , Qxu         , Qxu         , Qxu         , Qxu         , Qxu         , Qxu         , Qxu         , Qxu         , Uh          , Re^Uf       , Re          , Uh          , Rp          , Rp          , Uu^Uf       , Uh          , Uu^Uf       , Qxu         , Re          , Rd          , Re^Uf       , Rp          , Qxu         , Qxu         , Qxu         , Qxu         , Qxu         , Qxu         , Qxu         , Qxu         , Qxu         
Qxu         , Qxu         , Qxu         , Qxu         , Qxu         , Qxu         , Qxu         , Qxu         , Xu          , Qxu         , Qxu         , Qxu         , Qxu         , Qxu         , Uh          , Re^Uf       , Re^Uf       , Rd          , Uh          , Uu^Uf       , Xu          , Uh          , Uu^Uf       , Re^Uf       , Rp          , Re^Uf       , Qxu         , Qxu         , Qxu         , Qxu         , Qxu         , Xu          , Xu          , Qxu         , Qxu         , Qxu         , Qxu         
Qxu         , Qxu         , Qxu         , Qxu         , Qxu         , Qxu         , Qxu         , Qxu         , Xu          , Xu          , Qxu         , Qxu         , Qxu         , Qxu         , Rd          , Uh          , Uu^Uf       , Rd          , Re^Uf       , Xu          , Xu          , Uh          , Qxu         , Re^Uf       , Rp          , Uu^Vud      , Qxu         , Qxu         , Qxu         , Qxu         , Qxu         , Xu          , Xu          , Qxu         , Xu          , Qxu         , Qxu         
Qxu         , Qxu         , Qxu         , Qxu         , Qxu         , Qxu         , Qxu         , Xu          , Xu          , Xu          , Xu          , Qxu         , Uu^Uf       , Rd          , Qxu         , Qxu         , Uh          , Rr          , Re^Uf       , Uu^Vu       , Qxu         , Qxu         , Qxu         , Rp          , Re^Uf       , Qxu         , Qxu         , Qxu         , Qxu         , Qxu         , Qxu         , Qxu         , Xu          , Qxu         , Qxu         , Qxu         , Qxu         
Qxu         , Qxu         , Qxu         , Qxu         , Qxu         , Qxu         , Qxu         , Qxu         , Xu          , Xu          , Qxu         , Qxu         , Uu^Uf       , Uh          , Rr          , Qxu         , Uu          , Rp          , Rp          , Uu          , Qxu         , Qxu         , Uh          , Rp          , Re^Uf       , Qxu         , Qxu         , Qxu         , Qxu         , Qxu         , Qxu         , Qxu         , Xu          , Xu          , Qxu         , Qxu         , Qxu         
Qxu         , Qxu         , Qxu         , Qxu         , Qxu         , Qxu         , Qxu         , Qxu         , Qxu         , Xu          , Xu          , Qxu         , Uu^Uf       , Uu^Uf       , Rp          , Qxu         , Qxu         , Uh          , Rp          , Uu^Uf       , Uu          , Uu          , Re^Uf       , Rd          , Re^Uf       , Qxu         , Xu          , Qxu         , Qxu         , Qxu         , Qxu         , Qxu         , Xu          , Xu          , Xu          , Qxu         , Qxu         
Qxu         , Qxu         , Qxu         , Qxu         , Xu          , Xu          , Qxu         , Qxu         , Qxu         , Qxu         , Qxu         , Qxu         , Qxu         , Uu^Uf       , Rp          , Qxu         , Qxu         , Qxu         , Qxu         , Rd          , Rd          , Uh          , Uu^Uf       , Uu^Uf       , Qxu         , Qxu         , Xu          , Xu          , Xu          , Xu          , Xu          , Qxu         , Qxu         , Qxu         , Qxu         , Qxu         , Qxu         
Qxu         , Qxu         , Qxu         , Qxu         , Xu          , Xu          , Qxu         , Qxu         , Qxu         , Qxu         , Qxu         , Qxu         , Qxu         , Re^Uf       , Re^Uf       , Uu^Uf       , Re^Uf       , Qxu         , Uh          , Qxu         , Uh          , Rp          , Uu^Uf       , Re^Uf       , Qxu         , Qxu         , Qxu         , Xu          , Xu          , Xu          , Xu          , Qxu         , Qxu         , Qxu         , Qxu         , Qxu         , Qxu         
Qxu         , Qxu         , Qxu         , Qxu         , Xu          , Xu          , Xu          , Qxu         , Qxu         , Qxu         , Qxu         , Qxu         , Qxu         , Uu^Vu       , Qxu         , Uu^Uf       , Re          , Rr          , Uu          , Uh          , Uu          , Rp          , Uu          , Qxu         , Qxu         , Qxu         , Qxu         , Xu          , Xu          , Xu          , Xu          , Qxu         , Qxu         , Qxu         , Qxu         , Qxu         , Qxu         
Qxu         , Qxu         , Qxu         , Qxu         , Xu          , Xu          , Qxu         , Qxu         , Qxu         , Qxu         , Qxu         , Qxu         , Qxu         , Qxu         , Uh          , Uu^Uf       , Rp          , Rr          , Qxu         , Uu          , Qxu         , Uu^Vud      , Qxu         , Qxu         , Qxu         , Qxu         , Qxu         , Xu          , Xu          , Xu          , Xu          , Xu          , Qxu         , Qxu         , Qxu         , Qxu         , Qxu         
Qxu         , Qxu         , Qxu         , Xu          , Qxu         , Qxu         , Qxu         , Qxu         , Qxu         , Qxu         , Qxu         , Qxu         , Uu^Uf       , Uu^Uf       , Rp          , Rp          , Uh          , Qxu         , Qxu         , Qxu         , Qxu         , Qxu         , Qxu         , Qxu         , Qxu         , Qxu         , Qxu         , Qxu         , Xu          , Xu          , Qxu         , Qxu         , Qxu         , Qxu         , Qxu         , Qxu         , Qxu         
Qxu         , Qxu         , Qxu         , Qxu         , Qxu         , Qxu         , Qxu         , Qxu         , Qxu         , Qxu         , Qxu         , Qxu         , Uh          , Uu          , Rp          , Uu          , Uh          , Qxu         , Qxu         , Qxu         , Qxu         , Qxu         , Qxu         , Qxu         , Qxu         , Qxu         , Qxu         , Qxu         , Qxu         , Qxu         , Qxu         , Qxu         , Qxu         , Qxu         , Qxu         , Qxu         , Qxu         
