border_size=1
usage=map

Aa^Fpa      , Aa^Fpa      , Aa^Fpa      , Aa^Fpa      , Aa^Fpa      , Aa^Fpa      , Aa^Fpa      , Aa^Fpa      , Aa^Fpa      , Aa^Fpa      , Aa^Fpa      , Ha          , Mm          , Mm          , Mm          , Ha          , Hh          , Gs          , Gs^Fp       , Gs          , Gs          , Aa^Fpa      , Aa          , Aa          , Aa          , Aa          , Aa^Fpa      , Aa^Fpa      , Aa^Fpa      , Ww          , Wo          , Wo          , Ww          , Gs          , Gs^Fp       , Gs          , Rp          , Gs          , Gs          , Gs          , Gs^Fp       , Gs          , Ww          , Gs          , Rp          , Gs          , Gs^Fp       , Gs^Fp       , Gs^Fp       , Gs^Fp       , Gs^Fp       , Gs^Fp       
Aa^Fpa      , Aa^Fpa      , Aa^Fpa      , Aa^Fpa      , Aa^Fpa      , Aa^Fpa      , Aa^Fpa      , Aa^Fpa      , Aa^Fpa      , Aa^Fpa      , Aa^Fpa      , Ha          , Ha          , Mm          , Mm          , Hh          , Hh          , Gs^Fp       , Gs^Fp       , Gs^Fp       , Aa^Fpa      , Aa^Fpa      , Aa          , Aa          , Aa          , Aa^Fpa      , Aa^Fpa      , Aa^Fpa      , Aa^Fpa      , Ww          , Wo          , Wo          , Ww          , Gs^Fp       , Ce          , Gs^Fp       , Ch          , Ch          , Ch          , Gg^Vh       , Ce          , Gs^Fp       , Gs^Fp       , Wwf         , Rp          , Gs          , Gs^Fp       , Gs^Fp       , Gs^Fp       , Gs^Fp       , Gs^Fp       , Gs^Fp       
Aa^Fpa      , Aa^Fpa      , Aa^Fpa      , Aa^Fpa      , Aa^Fpa      , Aa^Fpa      , Aa^Fpa      , Aa^Fpa      , Aa^Fpa      , Aa^Fpa      , Aa^Fpa      , Aa^Fpa      , Ha          , Mm          , Mm          , Ha          , Hh          , Gs^Fp       , Gs^Fp       , Aa^Fpa      , Aa^Fpa      , Aa^Fpa      , Aa^Fpa      , Aa          , Aa          , Aa^Vha      , Aa          , Aa^Fpa      , Aa^Fpa      , Ww          , Wo          , Wo          , Ww          , Gs^Fp       , Ce          , Gg^Vh       , Ch          , 5 Kh        , Ch          , Gs          , Ce          , Gs^Fp       , Gs^Fp       , Gg          , Rp          , Wwf         , Gs^Fp       , Gs^Fp       , Gs^Fp       , Gs^Fp       , Ggf         , Gg          
Aa^Fpa      , Aa^Fpa      , Aa^Fpa      , Aa^Fpa      , Gs^Fp       , Aa^Fpa      , Gs^Fp       , Aa^Fpa      , Ha          , Ha          , Ha          , Ha          , Ha          , Mm          , Ha          , Hh          , Aa          , Gs^Fp       , Gs          , Gs          , Aa^Fpa      , Aa^Fpa      , Aa^Fpa      , Aa^Fpa      , Gs^Fp       , Aa          , Aa          , Gs^Fp       , Aa^Fpa      , Ww          , Wo          , Wo          , Ww          , Gs          , Gs          , Gs          , Gg^Vh       , Ch          , Gs          , Gg^Vh       , Gs^Fp       , Gs^Fp       , Gg          , Gg          , Rp          , Wwf         , Wwf         , Gs^Fp       , Gs^Fp       , Gs^Fp       , Gg          , Gs^Fp       
Aa^Fpa      , Aa^Fpa      , Gs^Fp       , Gs^Fp       , Hh          , Gs^Fp       , Gs^Fp       , Gs^Fp       , Gs^Fp       , Gs^Fp       , Ha          , Ha          , Hh          , Ha          , Aa^Fpa      , Aa          , Gs^Fp       , Gs^Fp       , Qxu         , Qxu         , Aa^Fpa      , Aa^Fpa      , Aa          , Gs^Fp       , Gs^Fp       , Gs^Fp       , Gs^Fp       , Gs^Fp       , Aa^Fpa      , Ww          , Ww          , Wo          , Wo          , Ww          , Ww          , Ce          , Ce          , Rp          , Rd          , Ce          , Gs^Fp       , Gs^Vht      , Rd          , Rd          , Gs^Fp       , Gs^Fp       , Wwf         , Gs^Fp       , Gs^Fp       , Gs^Fp       , Ggf         , Gs^Fp       
Gs^Fp       , Gs^Fp       , Gs^Fp       , Hh          , Hh          , Aa^Fpa      , Aa^Fpa      , Gs^Fp       , Hh          , Hh          , Ha          , Hh          , Hh          , Hh          , Aa^Fpa      , Gs          , Gs^Fp       , Gs^Fp       , Qxu         , Gs^Fp       , Aa^Fpa      , Aa^Fpa      , Aa^Fpa      , Aa          , Aa          , Gs^Fp       , Aa^Fpa      , Gs^Fp       , Gs^Fp       , Gs^Fp       , Aa          , Ww          , Ww          , Wo          , Wo          , Ww          , Ww          , Gs^Fp       , Gs          , Rp          , Rd          , Rp          , Gs          , Gs          , Gs^Fp       , Gs          , Wwf         , Gs          , Gs^Fp       , Gs          , Ww          , Gs^Fp       
Gs^Fp       , Gs^Fp       , Aa^Fpa      , Gs^Fp       , Gs^Fp       , Aa^Fpa      , Gs^Fp       , Hh          , Hh          , Ha          , Hh          , Hh          , Hh          , Aa^Fpa      , Gs^Fp       , Gs          , Qxu         , Qxu         , Gs^Fp       , Gs          , Gs^Fp       , Aa^Fpa      , Aa^Fpa      , Gs^Fp       , Gs^Fp       , Aa^Fpa      , Aa^Fpa      , Aa^Fpa      , Gs^Fp       , Gs^Fp       , Aa          , Aa          , Aa          , Ww          , Ww          , Wo          , Ww          , Gs^Fp       , Gs^Fp       , Rd          , Gs^Fp       , Gs^Fp       , Gs          , Gs^Vht      , Gs^Fp       , Gs          , Gs          , Wwf         , Ww          , Ww          , Wo          , Ww          
Gs^Fp       , Gs^Fp       , Gs^Fp       , Gs^Fp       , Gs^Fp       , Gs^Fp       , Gs^Fp       , Hh          , Hh          , Ha          , Hh          , Hh          , Gs^Fp       , Gs^Fp       , Gs          , Gs          , Qxu         , Gs^Fp       , Gs^Fp       , Gs^Fp       , Gs^Fp       , Aa^Fpa      , Aa^Fpa      , Aa^Fpa      , Gs^Fp       , Aa^Fpa      , Aa^Fpa      , Gs^Fp       , Gs^Fp       , Gs^Fp       , Aa          , Aa          , Aa          , Aa          , Ww          , Wo          , Ww          , Gs          , Gs^Fp       , Rp          , Gs^Fp       , Gs^Fp       , Gs^Fp       , Gs^Fp       , Ww          , Ww          , Ww          , Ww          , Wo          , Wo          , Wo          , Wo          
Qxu         , Qxu         , Qxu         , Gs^Fp       , Qxu         , Gs^Fp       , Gs^Fp       , Gs^Fp       , Gs^Fp       , Hh          , Hh          , Gs^Fp       , Gs^Fp       , Gs^Fp       , Gs^Fp       , Gs^Fp       , Qxu         , Gs^Fp       , Gs^Fp       , Aa^Fpa      , Aa^Fpa      , Aa^Fpa      , Aa^Fpa      , Gs^Fp       , Aa^Fpa      , Aa^Fpa      , Aa^Fpa      , Gs^Fp       , Gs^Fp       , Aa          , Aa^Fpa      , Aa          , Aa          , Ww          , Wo          , Wo          , Ww          , Gg          , Gg          , Rd          , Gs          , Gs^Fp       , Gs^Fp       , Ww          , Wo          , Wo          , Wo          , Wo          , Ww          , Ww          , Ww          , Ww          
Gs          , Gs          , Gs          , Qxu         , Gs          , Qxu         , Qxu         , Gs          , Gs^Fp       , Gs          , Hh          , Gs^Fp       , Gs^Vht      , Aa^Fpa      , Aa^Fpa      , Gs^Fp       , Qxu         , Gs^Fp       , Gs^Fp       , Gs^Fp       , Aa^Fpa      , Aa^Fpa      , Aa^Fpa      , Aa^Fpa      , Gs^Fp       , Aa^Fpa      , Gs^Fp       , Gs^Fp       , Gs^Fp       , Aa^Fpa      , Ai          , Ai          , Ai          , Ww          , Ww          , Wo          , Wo          , Ww          , Wwf         , Rp          , Gs^Vht      , Gs          , Ww          , Ww          , Wo          , Wo          , Ww          , Ww          , Gs^Fp       , Wwf         , Gs^Fp       , Wwf         
Gs^Fp       , Gs^Fp       , Gs          , Gs          , Gs          , Gs^Fp       , Gs^Fp       , Qxu         , Gs^Fp       , Gs^Fp       , Gs          , Gs          , Gs^Fp       , Gs          , Aa^Fpa      , Gs^Fp       , Gs^Fp       , Qxu         , Gs^Fp       , Gs^Fp       , Gs^Fp       , Gs^Fp       , Gs^Fp       , Aa^Fpa      , Gs^Fp       , Gs^Fp       , Gs^Fp       , Qxu         , Gs^Fp       , Aa^Fpa      , Aa^Fpa      , Ai          , Ai          , Ai          , Ai          , Ww          , Ww          , Ww          , Wwf         , Gs          , Gs          , Ww          , Wo          , Wo          , Ww          , Ww          , Gs^Fp       , Gs^Fp       , Gs^Fp       , Gs^Fp       , Gs^Fp       , Gs^Fp       
Gs^Fp       , Gs^Fp       , Gs          , Ce          , Ce          , Gs^Vht      , Gs          , Gs          , Rp          , Gs^Fp       , Gs          , Gs          , Gs^Fp       , Aa^Fpa      , Aa^Fpa      , Gs^Fp       , Gs^Fp       , Qxu         , Aa          , Aa^Fpa      , Gs^Fp       , Gs^Fp       , Gs^Fp       , Aa^Fpa      , Aa^Fpa      , Gs^Fp       , Qxu         , Qxu         , Aa^Fpa      , Aa^Fpa      , Aa^Fpa      , Ai          , Aa^Fpa      , Ai          , Aa^Fpa      , Ww          , Ww          , Wwf         , Wwf         , Ww          , Ww          , Ww          , Wo          , Wo          , Ch          , Gg^Vh       , Ch          , Gg^Vh       , Gs^Fp       , Gs^Fp       , Gs^Fp       , Gs^Fp       
Ce          , Ce          , Gg^Vh       , Gs          , Gs          , Ce          , Rp          , Rp          , Gs          , Gs          , Qxu         , Gs          , Gs          , Gs^Fp       , Aa^Fpa      , Aa^Fpa      , Gs^Fp       , Qxu         , Qxu         , Aa          , Aa          , Gs^Fp       , Gs^Fp       , Aa^Fpa      , Gs          , Aa          , Qxu         , Aa          , Aa          , Aa^Fpa      , Gs^Fp       , Aa^Fpa      , Gs^Fp       , Aa^Fpa      , Gs^Fp       , Gs^Fp       , Gs^Fp       , Wwf         , Wwf         , Ww          , Wo          , Wo          , Wo          , Wo          , Ch          , 2 Kh        , Gg          , Gg          , Gs^Fp       , Ggf         , Gs^Fp       , Gs^Fp       
Gs          , Gs          , Rp          , Rp          , Rp          , Rp          , Gs          , Gs          , Gs          , Gs^Fp       , Gs          , Qxu         , Gs          , Gs^Fp       , Gs^Fp       , Aa^Fpa      , Gs^Fp       , Gs^Fp       , Gs^Fp       , Qxu         , Aa          , Gg          , Gg          , Rd          , Aa          , Aa          , Qxu         , Aa^Vha      , Aa          , Gs^Fp       , Gs^Fp       , Gs^Fp       , Gs^Vht      , Gs^Fp       , Gs^Fp       , Gs^Fp       , Rd          , Wwf         , Ww          , Ww          , Ww          , Ww          , Ww          , Ch          , Gg^Vh       , Ch          , Gg^Vh       , Ce          , Gs^Fp       , Gs^Fp       , Gs^Fp       , Gs^Fp       
Rp          , Rp          , Ch          , Ch          , Ch          , Rp          , Gg^Vh       , Ce          , Ce          , Gs^Vht      , Gs^Fp       , Gs^Fp       , Gs^Fp       , Gs^Fp       , Gs^Fp       , Aa^Fpa      , Gs^Fp       , Gs^Fp       , Gs^Fp       , Gs^Fp       , Aa          , Aa^Fpa      , Aa^Fpa      , Rd          , Gs          , Qxu         , Aa^Fpa      , Aa          , Aa^Fpa      , Gs^Fp       , Gs^Fp       , Gs          , Gs          , Gs^Fp       , Rp          , Rd          , Ss          , Gs^Fp       , Wwf         , Wwf         , Wwf         , Wwf         , Wwf         , Gg          , Ce          , Gg          , Ce          , Gg          , Gs^Fp       , Gs^Fp       , Gs^Fp       , Gs^Fp       
Gs          , Rp          , Ch          , 7 Kh        , Ch          , Rp          , Rp          , Gs          , Ce          , Gs^Fp       , Gs^Fp       , Gs          , Qxu         , Gs          , Gs^Fp       , Gs^Fp       , Gs^Fp       , Gs^Fp       , Gs^Fp       , Aa          , Gg          , Aa^Fpa      , Gs^Fp       , Rp          , Gs          , Gs          , Aa^Fpa      , Aa^Fpa      , Gg          , Gs^Fp       , Gg          , Gs          , Rp          , Rp          , Rd          , Rd          , Rp          , Rd          , Gs^Fp       , Wwf         , Ww          , Wwf         , Wwf         , Gg^Vh       , Gg          , Ce          , Gg          , Ce          , Gs^Fp       , Gs^Fp       , Gs^Fp       , Gs^Fp       
Gs          , Rp          , Rp          , Ch          , Rp          , Rp          , Gs          , Rp          , Rp          , Gs          , Gs          , Gs          , Qxu         , Gs          , Gs^Fp       , Gs^Fp       , Gs^Fp       , Gs^Fp       , Gs^Fp       , Gs          , Gs^Fp       , Aa^Fpa      , Aa^Vha      , Rd          , Gs^Fp       , Gs^Fp       , Aa^Fpa      , Aa^Fpa      , Gg          , Gg          , Gs^Fp       , Gs          , Rp          , Gs^Fp       , Gs^Fp       , Ss          , Ss          , Gs^Fp       , Ww          , Ww          , Wo          , Ww          , Ce          , Rp          , Rp          , Gs          , Gs^Vht      , Gg          , Gs^Fp       , Gg          , Gg          , Gg          
Ce          , Gg^Vh       , Gs          , Rp          , Gg^Vh       , Rp          , Rp          , Ce          , Gs^Fp       , Rp          , Rp          , Gs          , Gs          , Gs          , Gs^Fp       , Gs^Fp       , Gs^Fp       , Gs^Fp       , Gs^Fp       , Gg          , Gg          , Gs^Fp       , Gg          , Rp          , Gs          , Gs^Fp       , Gs^Fp       , Aa^Fpa      , Gs          , Gs          , Gs^Fp       , Gs          , Rp          , Gg          , Gs^Fp       , Ss          , Ss          , Gs^Fp       , Ww          , Wo          , Ww          , Ww          , Gg          , Gg          , Rp          , Ce          , Gs          , Gs^Fp       , Gs^Fp       , Gg          , Gs^Fp       , Gg          
Gs          , Ce          , Rp          , Rp          , Ce          , Gs          , Rp          , Gs          , Gs^Fp       , Gs^Fp       , Gs          , Rp          , Gs          , Gs^Fp       , Gs^Fp       , Gg^Fet      , Gs^Fp       , Gs^Fp       , Ggf         , Ggf         , Gs^Fp       , Gs^Fp       , Gs          , Rd          , Rd          , Gs^Fp       , Gs^Fp       , Gs^Fp       , Gs^Fp       , Gs^Fp       , Rp          , Rp          , Gs^Fp       , Gs^Vht      , Gs          , Ss          , Ww          , Ww          , Wo          , Wo          , Ss          , Ss          , Gs^Fp       , Gs          , Rp          , Gs          , Gs^Fp       , Gs^Fp       , Gg^Fet      , Gg          , Gg          , Gg          
Rp          , Rp          , Gs          , Ce          , Gs          , Gs          , Rp          , Gs^Vht      , Qxu         , Qxu         , Gs          , Rp          , Gs          , Gs^Fp       , Gs^Fp       , Gs          , Gs          , Gg          , Gg          , Gs^Fp       , Gs^Fp       , Gs^Fp       , Gs^Fp       , Gs^Vht      , Rd          , Gs^Fp       , Gs^Fp       , Gs^Fp       , Gs^Fp       , Gs^Fp       , Rp          , Gs^Fp       , Gs^Fp       , Gs          , Ww          , Ww          , Wo          , Wo          , Ww          , Ww          , Ss          , Ss          , Gs^Fp       , Gs          , Gs          , Rp          , Gs^Fp       , Gs^Fp       , Gs^Fp       , Gg          , Gs^Fp       , Gs^Fp       
Qxu         , Gs          , Gs^Vht      , Gs          , Gs          , Gs          , Ggf         , Rp          , Rd          , Gs          , Gs^Fp       , Rp          , Gs          , Gs^Fp       , Gs^Fp       , Gs          , Gs^Fp       , Gs^Fp       , Gs^Fp       , Gs^Fp       , Gs^Fp       , Gs^Fp       , Gs          , Gs          , Rp          , Gs^Fp       , Gs          , Gs^Fp       , Rp          , Rp          , Gs          , Gs^Fp       , Gs          , Ww          , Wo          , Wo          , Ww          , Ww          , Wwf         , Ss          , Gs^Fp       , Gs^Fp       , Gs          , Gs^Fp       , Gg          , Rp          , Gg^Vh       , Gs^Fp       , Gs^Fp       , Gs^Fp       , Gs^Fp       , Gs^Fp       
Gg          , Qxu         , Qxu         , Qxu         , Qxu         , Qxu         , Gs^Fp       , Gg          , Ggf         , Rp          , Rp          , Rp          , Rd          , Gs^Fp       , Gg^Vh       , Gg          , Gg          , Gs^Fp       , Gs^Fp       , Gs          , Gs^Fp       , Gs^Fp       , Gs          , Gs^Fp       , Rp          , Gs^Fp       , Ce          , Gs          , Rp          , Gs          , Gs^Fp       , Gs^Fp       , Gs          , Ww          , Wo          , Wo          , Ww          , Wwf         , Wwf         , Gs^Fp       , Ss          , Gs^Fp       , Gg          , Gs^Fp       , Gg          , Rp          , Gg          , Gs^Fp       , Gs^Fp       , Gs^Fp       , Ggf         , Gg          
Ggf         , Gg          , Gg          , Gg          , Gg          , Gg          , Gs^Fp       , Gs^Fp       , Gg          , Gg          , Rp          , Rp          , Rp          , Rp          , Rp          , Rp          , Gs          , Gs^Fp       , Ss          , Ss          , Ss          , Gs          , Gs          , Gs          , Ce          , Rp          , Rp          , Rp          , Ce          , Gs          , Gs^Vht      , Gs^Fp       , Gs^Fp       , Ww          , Wo          , Wo          , Ww          , Wwf         , Gs^Fp       , Gs^Fp       , Ss^Vhs      , Gg          , Gg          , Gs^Vht      , Rp          , Rp          , Gg          , Gg          , Gs          , Gg          , Gg          , Gg          
Gs^Fp       , Gs^Fp       , Gs^Fp       , Gs^Fp       , Gs^Fp       , Ggf         , Ggf         , Gg^Vh       , Rp          , Rd          , Ggf         , Ggf         , Gs^Fp       , Gs^Fp       , Gs^Fp       , Rp          , Gs          , Gs^Fp       , Gs^Fp       , Ss          , Ss          , Gs          , Gs          , Ce          , Rp          , Rp          , Chr         , Gg^Vh       , Gs          , Ce          , Gs^Fp       , Gs^Fp       , Gs^Fp       , Ww          , Wo          , Ww          , Gg          , Wwf         , Gg          , Gs^Fp       , Ss          , Gg          , Ce          , Rp          , Gs          , Ce          , Ce          , Gs          , Gs^Vht      , Gs          , Gs^Fp       , Gs^Fp       
Gs^Fp       , Gs^Fp       , Gs^Fp       , Gs^Fp       , Gs^Fp       , Gs^Fp       , Rd          , Rd          , Gs          , Gs^Fp       , Gs^Fp       , Gs^Fp       , Gs^Fp       , Gs^Fp       , Gs^Fp       , Rd          , Gs          , Gs^Fp       , Gs^Fp       , Ss          , Ss          , Ss          , Ss          , Gg^Vh       , Rp          , Chr         , 3 Kh        , Ch          , Gg^Vh       , Gs          , Gs^Fp       , Gg^Fet      , Gs^Fp       , Ww          , Wo          , Ww          , Gg          , Gs^Fp       , Gg          , Gg          , Ce          , Ss          , Ss          , Rp          , Ss          , Gs          , Gs          , Gs          , Ce          , Gs          , Gs^Fp       , Gs^Fp       
Ch          , Gs^Fp       , Rp          , Gs^Fp       , Rd          , Rp          , Gs^Fp       , Gs^Fp       , Ggf         , Gs          , Gs^Fp       , Gs^Fp       , Gg          , Gs          , Gs          , Rp          , Gs          , Gg          , Gg          , Ss          , Gs^Fp       , Ss          , Ss          , Ce          , Rp          , Ch          , Chr         , Ch          , Gs          , Ce          , Gs          , Gs^Fp       , Gs^Fp       , Ww          , Wo          , Ww          , Gg          , Gg          , Gs          , Gs          , Ce          , Ss          , Ss^Bw/      , Ss^Bw|      , Ss          , Gg^Vh       , Ss          , Gs          , Ss          , Gs          , Ss          , Gs^Fp       
Rp          , Rp          , Gs^Fp       , Rp          , Gs^Fp       , Gs^Fp       , Gs^Fp       , Gg          , Gs          , Gs          , Gs          , Gs^Fp       , Gs          , Gs          , Gs^Fp       , Rd          , Gg          , Gg          , Ss          , Ss          , Gs^Fp       , Gs^Fp       , Rp          , Rp          , Ce          , Gg^Vh       , Gs          , Gg^Vh       , Gs          , Ce          , Gs          , Gs^Fp       , Gs^Fp       , Ww          , Wo          , Ww          , Gs^Fp       , Gs^Fp       , Gs          , Ce          , Gs          , Rp          , Ss          , Ss          , Ss          , Ss          , Ss          , Ss          , Ss          , Ss          , Chs         , Ss          
Gs^Fp       , Gs^Fp       , Gs          , Gs^Fp       , Gs          , Gs          , Gs          , Gg          , Gg          , Gs^Fp       , Gs          , Gs^Fp       , Gs^Fp       , Gs^Fp       , Gg          , Rd          , Rd          , Gg          , Ss          , Ss          , Gs^Fp       , Gs^Fp       , Rp          , Gs          , Gs^Fp       , Ce          , Gs          , Ce          , Gs          , Gs          , Gs^Fp       , Gs^Fp       , Ww          , Ww          , Wo          , Ww          , Gg          , Gs^Fp       , Gg          , Gs^Vht      , Gs          , Rp          , Rp          , Ss          , Chs         , Chs         , Ss          , Ss^Vhs      , Ss          , Ss          , Gs          , Gs^Fp       
Ww          , Ww          , Ww          , Gs          , Gs          , Gs          , Gs^Fp       , Gs^Fp       , Gs^Fp       , Gs^Fp       , Gg          , Gs          , Gs^Fp       , Gs^Fp       , Gg          , Gg^Vh       , Gs^Fp       , Rp          , Rd          , Ss          , Gs^Fp       , Gs          , Rd          , Gs          , Gs^Fp       , Gs          , Gs          , Gs          , Gs^Fp       , Gs^Fp       , Gs^Fp       , Ww          , Wo          , Wo          , Ww          , Ww          , Gs^Fp       , Gg          , Gs^Fp       , Gs          , Gs          , Ce          , Gs          , Chr         , 4 Khr       , Chs         , Ss          , Ss          , Ce          , Gs          , Gs^Fp       , Gs^Fp       
Wo          , Wo          , Wo          , Ww          , Ww          , Gs          , Ww          , Gs^Fp       , Gs^Fp       , Gs^Fp       , Gg          , Gs          , Gs^Fp       , Gs^Fp       , Gs^Fp       , Gg          , Gs^Fp       , Gs          , Gs^Fp       , Rp          , Rp          , Rp          , Gs^Fp       , Gs          , Gs          , Ss          , Ss          , Gs^Fp       , Gs^Fp       , Gs^Fp       , Ww          , Ww          , Wo          , Wo          , Ww          , Gs^Fp       , Gs^Fp       , Gg          , Gs^Fp       , Gs^Fp       , Gs          , Ce          , Gg^Vh       , Chr         , Chr         , Chr         , Gg^Vh       , Gs          , Ce          , Gs          , Gg          , Gs^Fp       
Ww          , Wo          , Wo          , Wo          , Wo          , Ww          , Wo          , Ww          , Ww          , Gg          , Gg          , Gs          , Gs^Fp       , Gs^Fp       , Gs^Fp       , Gs^Fp       , Gs          , Gs^Fp       , Gs          , Gs^Fp       , Rd          , Gs          , Gs^Fp       , Gs          , Gs          , Gs          , Ss          , Gs^Fp       , Ww          , Ww          , Wo          , Wo          , Ww          , Ww          , Gg          , Gg          , Gs^Fp       , Gs^Fp       , Hh          , Hh          , Gs^Fp       , Gs          , Ce          , Gs          , Rp          , Gs          , Gs          , Ce          , Gs          , Gs          , Gs^Fp       , Gs^Fp       
Gs^Fp       , Ww          , Ww          , Ww          , Ww          , Wo          , Wo          , Wo          , Ww          , Gs^Fp       , Gs          , Gs^Fp       , Gs^Fp       , Gs          , Gs^Fp       , Gg          , Gs          , Gs          , Gs          , Gs^Fp       , Rd          , Gg          , Gs^Fp       , Gs^Fp       , Gs^Fp       , Gs^Fp       , Gs^Fp       , Gs^Fp       , Ww          , Wo          , Wo          , Ww          , Gs^Fp       , Gg          , Gs^Fp       , Gg          , Hh          , Gs^Fp       , Hh          , Gs^Fp       , Gs^Fp       , Gs          , Gs          , Ce          , Rp          , Gs          , Gg          , Gs          , Gs^Fp       , Gs^Fp       , Gs^Fp       , Gs^Fp       
Gs^Fp       , Gs^Fp       , Gs^Fp       , Gs^Fp       , Gs^Fp       , Ww          , Ww          , Wo          , Ww          , Gs^Fp       , Gs          , Gs          , Gs          , Gs          , Gs^Fp       , Gs^Fp       , Gs^Fp       , Gs^Fp       , Gg          , Gs^Vht      , Rp          , Gg          , Gs^Vht      , Gs^Fp       , Gs^Fp       , Gs^Fp       , Gs^Fp       , Ww          , Wo          , Wo          , Wo          , Ww          , Ss          , Gs^Fp       , Gs^Fp       , Hh          , Hh          , Gs          , Gs^Fp       , Gs^Fp       , Rd          , Rp          , Rp          , Rp          , Gs^Vht      , Gs^Fp       , Gs^Fp       , Gs^Fp       , Gs^Fp       , Gs          , Gs^Fp       , Gg          
Gs^Fp       , Gs^Fp       , Gs^Fp       , Gs^Fp       , Gs^Fp       , Gs^Fp       , Ww          , Wo          , Wo          , Ww          , Chw         , Gs^Fp       , Gs          , Gs          , Gs^Fp       , Gs^Fp       , Gs^Fp       , Gg          , Ce          , Ce          , Rp          , Gg          , Gg          , Gs^Fp       , Ce          , Gs^Fp       , Gs^Fp       , Ww          , Wo          , Wo          , Ss^Vhs      , Ss          , Gs^Fp       , Ss          , Gs^Fp       , Gs^Fp       , Hh          , Gs          , Rd          , Rp          , Gs^Fp       , Gs          , Rd          , Gg          , Gs^Fp       , Gs^Fp       , Gs^Fp       , Gs^Fp       , Gg          , Gs^Fp       , Gs^Fp       , Gs^Fp       
Gs^Fp       , Gs^Fp       , Gs^Fp       , Gs^Fp       , Gs^Fp       , Gs^Fp       , Gs^Fp       , Ww          , Ww          , Wo          , Ww          , Gs^Fp       , Gs^Fp       , Gs^Fp       , Gs          , Gs^Fp       , Gs^Fp       , Gg          , Ce          , Gs^Vht      , Rp          , Ce          , Ke          , Gs^Fp       , Gs^Fp       , Gs^Fp       , Ww          , Ww          , Wo          , Ww          , Ss          , Gs^Fp       , Gs^Fp       , Ss          , Ss          , Gs^Fp       , Gs          , Gs          , Rd          , Gs          , Gs^Fp       , Hh          , Rd          , Gg          , Hh          , Gs^Fp       , Gs^Fp       , Gs^Fp       , Gs^Fp       , Ggf         , Gs^Fp       , Gs^Fp       
Gs^Fp       , Gs^Fp       , Gs^Fp       , Gs^Fp       , Gg          , Ggf         , Gs^Fp       , Gs^Fp       , Ww          , Wo          , Ww          , Gs^Fp       , Gs^Fp       , Gs^Fp       , Gs          , Gs^Fp       , Gg          , Gg          , Gg          , Gg          , Rp          , Ce          , Gs^Fp       , Gs^Fp       , Gs^Fp       , Ww          , Wo          , Wo          , Ww          , Ww          , Ss          , Ss          , Gs^Fp       , Ss          , Ss          , Gs          , Gs          , Gg^Vh       , Rd          , Gs^Fp       , Hh          , Hh          , Rd          , Gg          , Gg          , Gs^Fp       , Gg          , Gs^Fp       , Gs^Fp       , Gs^Fp       , Gg          , Gs^Fp       
Gs^Fp       , Gs^Fp       , Ggf         , Gg          , Gg          , Gs^Fp       , Gs^Fp       , Gs^Fp       , Chw         , Wo          , Wo          , Ww          , Gs^Fp       , Gs^Fp       , Gs^Fp       , Gs^Fp       , Gs^Fp       , Gs^Fp       , Chr         , Gg          , Ww^Bw|      , Gg          , Ww          , Gg          , Ww          , Ww          , Wo          , Ww          , Ss          , Ss          , Ss          , Gs^Fp       , Gs          , Ss          , Ss^Vhs      , Ss          , Gs^Fp       , Gs^Fp       , Rd          , Hh          , Hh          , Hh          , Hh          , Rd          , Re^Gvs      , Gs^Fp       , Gg^Vwm      , Gg          , Gg          , Gs^Fp       , Gg          , Gg          
Ggf         , Gs^Fp       , Gg          , Gg^Vwm      , Re          , Gs^Vht      , Gs^Fp       , Gs^Fp       , Chw         , Ww          , Wo          , Ww          , Ww          , Ww          , Ww          , Gs^Fp       , Ww          , Chw         , Ww          , Ww          , Wo^Bw|      , Ww          , Wo          , Ww          , Wo          , Wo          , Wo          , Ww          , Ww          , Ss          , Ww          , Gs          , Ss          , Ss          , Ss          , Ss          , Gs^Fp       , Gs^Fp       , Gs          , Rd          , Hh          , Hh          , Re^Gvs      , Re          , Re          , Re^Gvs      , Re^Gvs      , Gg          , Wwf         , Gg          , Wwf         , Gs^Fp       
Gg          , Ggf         , Re^Gvs      , Re^Gvs      , Re          , Re^Gvs      , Rd          , Gs^Fp       , Gg          , Ww          , Ww          , Wo          , Wo          , Wo          , Wo          , Ww          , Wo          , Ww          , Wo          , Wo          , Wo^Bw|      , Wo          , Wo          , Wo          , Ww          , Ww          , Ww          , Wo          , Wo          , Ww          , Wo          , Ww          , Wo          , Ww          , Ww          , Gs          , Gs          , Gs^Fp       , Gs          , Rd          , Gs^Fp       , Re^Gvs      , Re^Gvs      , Re^Gvs      , Wwf         , Ww          , Ww          , Ww          , Re^Gvs      , Wwf         , Ww          , Wwf         
Gg          , Re^Gvs      , Re^Gvs      , Re          , Re^Gvs      , Re^Gvs      , Gs^Fp       , Rd          , Gg          , Gs^Fp       , Gs^Fp       , Ww          , Ww          , Wo          , Ww          , Wo          , Ww          , Wo          , Ww          , Wo          , Ww^Bw|      , Ww          , Chr         , Ww          , Gs^Fp       , Ww          , Gg          , Ww          , Ww          , Wo          , Ww          , Wo          , Wo          , Wo          , Wo          , Ww          , Gs^Fp       , Gs^Fp       , Gs^Fp       , Rd          , Gg          , Gg^Vh       , Ww          , Wwf         , Re          , Re^Gvs      , Wwf         , Re^Gvs      , Re^Gvs      , Re^Gvs      , Re^Gvs      , Ww          
Gs^Fp       , Gg          , Gg          , Re^Gvs      , Gs^Fp       , Gs^Fp       , Rd          , Rd          , Gg          , Gs^Fp       , Gs^Fp       , Gs          , Gs          , Ww          , Gs          , Ww          , Gs^Fp       , Ww          , Gs          , Ww          , Rp          , Gg          , Gs^Fp       , Gg          , Gs^Fp       , Gs^Fp       , Gs^Fp       , Gg          , Gg          , Ww          , Gs^Vht      , Ww          , Ww          , Wo          , Wo          , Ww          , Ww          , Gs^Fp       , Gs          , Rd          , Wwf         , Ww          , Ww          , Re^Gvs      , Re          , Re^Gvs      , Wwf         , Re^Gvs      , Wwf         , Re^Gvs      , Ww          , Ww          
Gs^Fp       , Gs^Fp       , Gg          , Gs          , Gs^Fp       , Gs^Fp       , Rd          , Ce          , Ce          , Gg          , Ch          , Gg          , Gs^Fp       , Gs          , Gg^Vwm      , Gs          , Gs          , Gs          , Gs^Fp       , Gs^Fp       , Rp          , Gg^Vh       , Gs^Fp       , Gs^Fp       , Gg^Fet      , Gs^Fp       , Gg          , Gg          , Gs^Vht      , Ce          , Re^Gvs      , Re^Gvs      , Re^Gvs      , Ww          , Ww          , Wo          , Wo          , Ww          , Ww          , Wwf         , Re^Gvs      , Re^Gvs      , Re^Gvs      , Wwf         , Wwf         , Ww          , Gs^Fp       , Ww          , Gs          , Wwf         , Ww          , Wwf         
Gs^Fp       , Gs^Fp       , Gs^Fp       , Gs^Fp       , Gs          , Gg^Vh       , Rd          , Re^Gvs      , Re^Gvs      , Gs^Fp       , Ch          , Gg          , Gs^Fp       , Gs^Fp       , Re          , Re^Gvs      , Re^Gvs      , Gg          , Gg          , Gs^Fp       , Rp          , Gs^Fp       , Gs^Fp       , Gs^Fp       , Gs^Fp       , Gs^Fp       , Gg          , Ce          , Re^Gvs      , Re^Gvs      , Ch          , Ch          , Gg^Vh       , Ce          , Ce          , Ww          , Wo          , Wo          , Ww          , Gs          , Gg^Vh       , Re          , Gg^Vwm      , Gg          , Rp          , Gs^Fp       , Gs^Fp       , Gs          , Re^Gvs      , Gs^Fp       , Gs^Fp       , Gs^Fp       
Rp          , Gs^Fp       , Gg^Fet      , Ch          , Rp          , Ce          , Rd          , Re^Gvs      , Re^Gvs      , Gs^Fp       , Rp          , Rp          , Rp          , Rp          , Rp          , Re^Gvs      , Gs          , Gs          , Rp          , Rp          , Rp          , Gs^Fp       , Ggf         , Gg          , Gs^Fp       , Gs^Fp       , Gs          , Ce          , Re^Gvs      , Gg^Vh       , Rp          , 6 Kh        , Ch          , Re^Gvs      , Ce          , Ww          , Ww          , Wo          , Ww          , Re^Gvs      , Re^Gvs      , Gs^Fp       , Rp          , Rp          , Re^Gvs      , Gg^Vh       , Gs          , Re^Gvs      , Re^Gvs      , Re^Gvs      , Gs^Fp       , Gs^Fp       
Gg          , Rp          , Rp          , Rp          , Ce          , Rp          , Ch          , Ch          , Ch          , Gg^Vh       , Rp          , Ce          , Gg          , Gs^Fp       , Gg^Vh       , Rp          , Rp          , Gs^Fp       , Rp          , Gs^Fp       , Gs^Fp       , Rp          , Ggf         , Gs^Fp       , Gs          , Gs          , Rp          , Rp          , Rp          , Rp          , Gg^Vh       , Ch          , Re^Gvs      , Re^Gvs      , Ww          , Ww          , Wo          , Wo          , Ww          , Re          , Re          , Re          , Rp          , Re^Gvs      , Re^Gvs      , Re          , Gs^Fp       , Gg^Vwm      , Ggf         , Re^Gvs      , Gs^Fp       , Hh          
Gs^Fp       , Gs^Fp       , Gg          , Gg^Vh       , Ce          , Gg^Vh       , Ch          , 8 Kh        , Ch          , Rp          , Gs          , Ce          , Gs          , Gs          , Gs          , Re^Gvs      , Re^Gvs      , Rp          , Gs^Fp       , Gs^Fp       , Gs^Fp       , Rp          , Gs^Fp       , Gs          , Rp          , Rp          , Gs          , Gs^Vht      , Ce          , Re^Gvs      , Re^Gvs      , Re^Gvs      , Ce          , Ww          , Wo          , Wo          , Ww          , Ww          , Re^Gvs      , Re^Gvs      , Re^Gvs      , Re          , Gg^Vh       , Rp          , Re^Gvs      , Gs          , Re^Gvs      , Re^Gvs      , Re^Gvs      , Gs^Fp       , Gs^Fp       , Hh          
Gs^Fp       , Gs^Fp       , Gg          , Gg          , Re          , Re^Gvs      , Re^Gvs      , Ch          , Gg^Vh       , Rp          , Rp          , Gs          , Gs          , Gs^Fp       , Gs          , Re          , Re^Gvs      , Gs          , Gs^Fp       , Gs^Fp       , Gs          , Rp          , Rp          , Rp          , Gs^Fp       , Gs^Fp       , Gs          , Gs          , Gs^Fp       , Ce          , Gs^Vht      , Ce          , Ww          , Ww          , Wo          , Wo          , Gs^Ft       , Gg          , Gs^Fp       , Gs^Fp       , Gg^Vwm      , Re^Gvs      , Re^Gvs      , Rp          , Re^Gvs      , Gg^Vwm      , Gs          , Re^Gvs      , Re^Gvs      , Re^Gvs      , Gs^Fp       , Gs^Fp       
Gg          , Gs^Fp       , Gs^Fp       , Ch          , Rp          , Re^Gvs      , Gg          , Rp          , Gs          , Gs          , Ce          , Rp          , Rp          , Gs          , Gs          , Re^Gvs      , Re^Gvs      , Gs          , Gs^Fp       , Gs^Fp       , Gg^Vh       , Gs^Fp       , Gg          , Rp          , Gs^Fp       , Gs^Fp       , Gs^Vht      , Gs^Fp       , Gs^Fp       , Gs          , Gs          , Ww          , Wo          , Wo          , Ww          , Ww          , Gs^Fp       , Gs^Fp       , Gs^Fp       , Gs^Fp       , Ggf         , Re^Gvs      , Re^Gvs      , Rp          , Rp          , Re^Gvs      , Re          , Gs          , Gs^Fp       , Gs^Fp       , Gs^Fp       , Gs^Fp       
Qxu         , Gs^Fp       , Gs^Fp       , Rp          , Gg          , Ce          , Ce          , Rp          , Ch          , Gg^Vh       , Re^Gvs      , Gs          , Gs          , Rp          , Rp          , Gs^Vht      , Gs          , Gs^Fp       , Gs^Fp       , Gs^Fp       , Gg          , Gg          , Rp          , Rp          , Gs          , Gs          , Gs^Fp       , Gs^Fp       , Gs^Fp       , Gs          , Gs          , Ww          , Wo          , Wo          , Ww          , Gs          , Gs^Ft       , Gs^Fp       , Gs^Ft       , Gs^Fp       , Gs^Fp       , Gs^Fp       , Ggf         , Gg^Vh       , Rp          , Re^Gvs      , Re^Gvs      , Gg^Vh       , Gs^Fp       , Gs^Fp       , Gs^Fp       , Gs^Fp       
Gg          , Qxu         , Qxu         , Gg          , Gs^Fp       , Gs^Fp       , Gs^Fp       , Rp          , Gs          , Re^Gvs      , Re^Gvs      , Re^Gvs      , Gs          , Gs          , Gs          , Rp          , Rp          , Gs          , Gs^Fp       , Gs^Fp       , Gg          , Rp          , Gs          , Gs          , Gs          , Gs          , Gs^Fp       , Gs^Fp       , Gs^Fp       , Gs^Fp       , Gs^Fp       , Ww          , Ww          , Wo          , Wo          , Ww          , Ww          , Gs          , Gs^Ft       , Gs^Fp       , Gs^Fp       , Gs^Ft       , Gs^Fp       , Gg          , Rp          , Re^Gvs      , Re^Gvs      , Gs^Fp       , Gs^Fp       , Gs^Fp       , Hh          , Hh          
Gg          , Gg          , Gs          , Gg          , Gg          , Gs^Fp       , Gs^Fp       , Gs          , Gs          , Gs^Fp       , Gs          , Gg^Vh       , Re^Gvs      , Re^Gvs      , Re^Gvs      , Gs          , Gs^Fp       , Rp          , Rp          , Gg          , Gg          , Rp          , Gs          , Gs^Fp       , Gg          , Gg          , Gg          , Ggf         , Gs^Fp       , Gs^Fp       , Gg          , Gs          , Gs          , Ww          , Wo          , Wo          , Ww          , Ww          , Ww          , Gs          , Gs          , Gs^Ft       , Gs^Fp       , Gg          , Gs          , Rd          , Rd          , Gs          , Gs^Fp       , Gs^Fp       , Gs^Fp       , Hh          
Gs^Fp       , Hh          , Hh          , Gs^Fp       , Gs          , Qxu         , Qxu         , Gs          , Gs^Fp       , Gs          , Qxu         , Gs          , Gs          , Re^Gvs      , Gs          , Gs          , Gs^Fp       , Gs^Fp       , Gg^Vh       , Rp          , Rp          , Rp          , Rp          , Gs          , Gg          , Gg^Vwm      , Re^Gvs      , Ggf         , Gs^Vht      , Gs^Fp       , Gg          , Gs          , Gs^Ft       , Ww          , Ww          , Wo          , Wo          , Wo          , Wo          , Ww          , Ww          , Gs^Fp       , Gs^Fp       , Gs          , Gs          , Gs          , Rd          , Rd          , Rp          , Gs^Fp       , Ggf         , Hh          
Gs^Fp       , Hh          , Hh          , Gs^Fp       , Gs^Fp       , Gs          , Gs^Fp       , Ggf         , Gs^Fp       , Gs          , Gs          , Qxu         , Gs^Fp       , Gg^Vh       , Gs^Fp       , Gs^Fp       , Gs^Fp       , Gs^Fp       , Gg          , Gg          , Gg          , Gs          , Rp          , Gs          , Gg          , Re^Gvs      , Re^Gvs      , Re^Gvs      , Gg          , Gs^Fp       , Gg          , Gs^Fp       , Gs^Ft       , Gs^Ft       , Gs          , Ww          , Ww          , Ww          , Wo          , Wo          , Wo          , Ww          , Gs          , Gs^Fp       , Gs          , Gs^Fp       , Rd          , Gs^Fp       , Gs^Fp       , Rd          , Rp          , Ggf         
Gs^Fp       , Gs^Fp       , Hh          , Gs^Fp       , Hh          , Gs^Fp       , Gg          , Gg          , Ggf         , Gs          , Gs          , Gg          , Gg          , Gg          , Gg          , Gs^Fp       , Gs^Fp       , Gs^Fp       , Gs^Fp       , Gg          , Gs^Fp       , Gg          , Rp          , Gg          , Gs^Fp       , Gg          , Gg          , Gg          , Chr         , Gg          , Gs^Fp       , Gs^Fp       , Gs^Fp       , Gs^Ft       , Gs          , Gs^Fp       , Gs^Fp       , Ww          , Ww          , Ww          , Wo          , Ww          , Gs^Ft       , Gs^Vht      , Gs^Fp       , Gs^Fp       , Rd          , Gs^Fp       , Gs^Fp       , Gs^Fp       , Gs^Fp       , Rp          
Gs^Fp       , Gs^Fp       , Gs^Fp       , Hh          , Hh          , Gs^Fp       , Ggf         , Gs^Fp       , Gs^Fp       , Gs^Fp       , Gs^Fp       , Gs^Fp       , Gs          , Qxu         , Gg          , Gg          , Gs^Fp       , Ggf         , Gs^Fp       , Gs^Fp       , Gs^Fp       , Ggf         , Rp          , Gg          , Gs          , Gs^Fp       , Gs          , Gs^Fp       , Gs^Fp       , Gg          , Gs^Fp       , Gs^Fp       , Gg^Fet      , Gs^Ft       , Gs^Fp       , Gs          , Gs^Fp       , Gs          , Ww          , Wo          , Wo          , Ww          , Gs^Fp       , Gs^Fp       , Gs^Fp       , Gs^Fp       , Rd          , Gs^Fp       , Gs^Fp       , Gs^Fp       , Gs^Fp       , Gs^Fp       
Gs^Fp       , Gs^Fp       , Gs^Fp       , Gs^Fp       , Mm          , Mm          , Hh          , Hh          , Gs^Fp       , Gs^Fp       , Hh          , Gs^Fp       , Gs^Fp       , Qxu         , Gs          , Gg          , Gs^Fp       , Gs^Fp       , Gs^Fp       , Gs^Fp       , Gg^Vh       , Ggf         , Gg          , Rp          , Gg          , Gs^Fp       , Gs          , Gs^Fp       , Gs^Fp       , Gs^Fp       , Gs^Fp       , Gs^Fp       , Gs^Ft       , Gs^Fp       , Gs^Ft       , Gg^Vh       , Gs^Ft       , Gs          , Ww          , Wo          , Wo          , Ww          , Gs          , Gs^Fp       , Gs^Fp       , Gs^Fp       , Rd          , Ggf         , Gs^Fp       , Gs^Fp       , Gs^Fp       , Gs^Fp       
Gs^Fp       , Gs^Fp       , Hh          , Gs^Fp       , Mm          , Mm          , Hh          , Gs^Fp       , Gs^Fp       , Hh          , Gs^Fp       , Gs^Fp       , Gs          , Gs          , Gs          , Gs^Fp       , Gs          , Gg^Fet      , Gs^Fp       , Ggf         , Ggf         , Gg          , Gg          , Rp          , Gg          , Gg          , Gs^Fp       , Gs          , Gs^Fp       , Gs^Fp       , Gs^Fp       , Gg^Vh       , Gs          , Gs^Ft       , Gs^Ft       , Gs^Fp       , Gs^Fp       , Gs^Fp       , Gs          , Ww          , Wo          , Ww          , Gs^Fp       , Gs^Fp       , Gs^Fp       , Ggf         , Rd          , Ggf         , Gs^Fp       , Gs^Fp       , Gs^Fp       , Gs^Fp       
Mm          , Gs^Fp       , Mm          , Mm          , Mm          , Mm          , Gs^Fp       , Ggf         , Gs^Fp       , Hh          , Hh          , Gs^Fp       , Gs^Fp       , Qxu         , Gs          , Gs          , Gs^Fp       , Gs^Fp       , Gs^Fp       , Chr         , Gs^Fp       , Gs^Fp       , Gg          , Rp          , 1 Rp        , Gg          , Gg          , Gg          , Ggf         , Gs          , Gs^Fp       , Gs          , Gs^Fp       , Gs^Fp       , Gs^Ft       , Gs^Fp       , Gs          , Gs          , Ww          , Ww          , Wo          , Ww          , Gs^Fp       , Gs^Fp       , Gs^Fp       , Rd          , Gs^Fp       , Gs^Fp       , Gs^Fp       , Gs^Fp       , Gs^Fp       , Gs^Fp       
Mm          , Mm          , Mm          , Mm          , Mm          , Hh          , Gs^Fp       , Gs^Fp       , Gs^Fp       , Hh          , Hh          , Gs^Fp       , Gs^Fp       , Gs^Fp       , Gs^Fp       , Gs          , Gs^Fp       , Gs^Fp       , Gs          , Gs^Fp       , Gs^Fp       , Gs^Fp       , Gg          , Gg          , Gg          , Rp          , Gg          , Gg          , Gs^Fp       , Gs          , Gs^Fp       , Gs          , Gs^Fp       , Gs^Fp       , Gs^Fp       , Gs          , Gs          , Gs          , Ww          , Wo          , Wo          , Ww          , Gs^Fp       , Gs^Fp       , Gs^Fp       , Rd          , Gs^Fp       , Gs^Fp       , Gs^Fp       , Gs^Fp       , Gs^Fp       , Gs^Fp       
Mm          , Mm          , Mm          , Mm          , Mm          , Mm          , Gs^Fp       , Mm          , Hh          , Hh          , Hh          , Gs^Fp       , Gs^Fp       , Qxu         , Gs^Fp       , Gs^Fp       , Gs^Fp       , Gs^Fp       , Gg          , Gs^Fp       , Gg          , Gs^Fp       , Gg          , Ggf         , Gg          , Rp          , Gg          , Gg          , Gs^Fp       , Gs^Fp       , Gs^Fp       , Gs^Fp       , Gs^Fp       , Gs^Fp       , Gs^Fp       , Gs          , Gs          , Ww          , Ww          , Wo          , Wo          , Ww          , Gs^Fp       , Gs^Fp       , Gs^Fp       , Rd          , Gs^Fp       , Gs^Fp       , Gs^Fp       , Gs^Fp       , Gs^Fp       , Hh          
Mm          , Hh          , Hh          , Hh          , Hh          , Hh          , Mm          , Gs^Fp       , Gs^Fp       , Gs^Fp       , Gs^Fp       , Gs^Fp       , Gs^Fp       , Gs^Fp       , Gs^Fp       , Gs^Fp       , Gs^Fp       , Gs^Fp       , Gg          , Gg          , Gs^Fp       , Gs^Fp       , Gs^Fp       , Gg          , Gg          , Rp          , Gg          , Ggf         , Gs^Fp       , Gs^Fp       , Gs^Fp       , Gs^Fp       , Gs^Fp       , Gs^Fp       , Gs^Fp       , Gs          , Gs          , Ww          , Wo          , Wo          , Ww          , Ww          , Gs^Fp       , Gs^Fp       , Gg          , Rd          , Rd          , Gg          , Gg          , Gg          , Hh          , Hh          
Mm          , Mm          , Mm          , Mm          , Mm          , Mm          , Mm          , Mm          , Gs^Fp       , Gs^Fp       , Gs^Fp       , Gs^Fp       , Gs^Fp       , Gs^Fp       , Gs^Fp       , Gs^Fp       , Gs^Fp       , Gs^Fp       , Gs^Fp       , Gs^Fp       , Gs^Fp       , Gs^Fp       , Gs^Fp       , Gg          , Gg          , Rp          , Gg          , Gg          , Gs^Fp       , Gs^Fp       , Gs^Fp       , Gs^Fp       , Gs^Fp       , Gs^Fp       , Gs^Fp       , Gs^Fp       , Gs          , Ww          , Wo          , Wo          , Ww          , Gs^Fp       , Gg          , Gg          , Gg          , Ggf         , Gg          , Rd          , Rd          , Hh          , Hh          , Hh          
