border_size=1
usage=map

Uh^Ii       , Uh^Ii       , Uh^Ii       , Uh^Ii       , Uh^Ii       , Uh^Ii       , Uh^Ii       , Xu          , Xu          , Xu          , Xu          , Xu          , Xu          , Xu          , Ss          , Ss          , Ss          , Ss          , Xu          , Xu          , Xu          , Xu          , Xu          , Xu          , Xu          , Xu          , Xu          , Xu          , Xu          , Xu          , Xu          , Xu          , Xu          , Xu          , Xu          , Xu          , Xu          , Xu          , Xu          , Xu          , Xu          , Xu          
Uh^Ii       , Uh^Ii       , Uu^Ufi      , Uu^Ufi      , Uh^Ii       , Uu^Ufi      , Uh^Ii       , Xu          , Yr          , Xu          , Uu^Vud      , Xu          , Ss          , Ss          , Khs         , Chs         , Xu          , Xu          , Xu          , Xu          , Xu          , Xu          , Qxv         , Xu          , Qxv         , Xu          , Xu          , Xu          , Xu          , Xu          , Xu          , Xu          , Xu          , Xu          , Uu          , Uu          , Uu          , Uu          , Uu          , Xu          , Xu          , Xu          
Uu          , Uh^Ii       , Ryd         , Uh^Ii       , Yr          , Yr          , Ce          , Yr          , Yr          , Yr          , Yr          , Ds          , Ss          , Chs         , Chr         , Ss          , Xu          , Xu          , Xu          , Xu          , Xu          , Xu          , Yr          , Yr          , Uu^Vu       , Qxv         , Xu          , Xu          , Xu          , Xu          , Xu          , Xu          , Xu          , Uu          , Qxv         , Qxv         , Uu          , Qxv         , Qxv         , Uu          , Xu          , Xu          
Uu^Ii       , Uu^Ii       , Uu          , Ryd         , Ryd         , Ce          , 1 Ke        , Ce          , Ryd         , Ryd         , Ds          , Ss          , Ss          , Ss          , Ds          , Uh          , Uh          , Xu          , Xu          , Xu          , Chr         , Khr         , Yr          , Uu          , Uu          , Xu          , Xu          , Xu          , Ryd         , Ryd         , Ryd         , Xu          , Xu          , Uu          , Uu          , Uu          , Uu^Ii       , Uu          , Uu          , Uu          , Xu          , Xu          
Uu^Ii       , Uu^Ii       , Uu^Vud      , Uu          , Uu          , Ce          , Ce          , Ce          , Yr          , Uu^Vu       , Chs         , Ss          , Ds          , Ds          , Uu          , Uu^Uf       , Uu^Vu       , Xu          , Xu          , Xu          , Chr         , Uh          , Uu          , Uu          , Xu          , Qxv         , Xu          , Xu          , Ryd         , Xu          , Uu          , Xu          , Uu          , Uu          , Qxv         , Uu          , Uu          , Uu          , Qxv         , Uu          , Xu          , Xu          
Xu          , Uh          , Uh          , Uh          , Uh          , Yr          , Ds          , Yr          , Ds          , Ds          , Ss          , Ss          , Ds          , Uu          , Yr          , Re^Uf       , Uh          , Xu          , Xu          , Uu^Uf       , Uh          , Uu          , Yr          , Qxv         , Xu          , Xu          , Xu          , Xu          , Ryd         , Xu          , Xu          , Uu          , Xu          , Uu          , Uu          , Qxv         , Uu          , Qxv         , Uu          , Uu          , Xu          , Xu          
Xu          , Xu          , Xu          , Xu          , Uh          , Ds          , Ss          , Ds          , Ss          , Ss          , Ss          , Ss          , Ds          , Xu          , Uh          , Yr          , Rd          , Xu          , Uu          , Uu          , Uu          , Uu          , Uu^Vu       , Qxv         , Qxv         , Xu          , Xu          , Xu          , Xu          , Xu          , Qxv         , Xu          , Qxv         , Xu          , Xu          , Uu          , Uu          , Uu          , Xu          , Xu          , Xu          , Xu          
Ss          , Ss          , Ss          , Chs         , Ss          , Ss          , Ss          , Ss          , Ss          , Chs         , Xu          , Ds          , Xu          , Xu          , Yr          , Re^Uf       , Uu^Uf       , Rd          , Uu          , Rd          , Yr          , Uu          , Uu          , Qxv         , Qxv         , Xu          , Xu          , Xu          , Rd          , Uu          , Qxv         , Qxv         , Qxv         , Xu          , Xu          , Xu          , Xu          , Xu          , Xu          , Xu          , Xu          , Xu          
Ss          , Ss          , Ss          , Ss          , Chs         , Ss          , Ds          , Ss          , Xu          , Xu          , Xu          , Xu          , Xu          , Xu          , Xu          , Uh          , Xu          , Uh          , Xu          , Qxv         , Uu          , Yr          , Uh          , Uu          , Uu          , Xu          , Xu          , Uu^Vud      , Rd          , Uu          , Xu          , Qxv         , Qxv         , Uu^Ii       , Xu          , Xu          , Xu          , Xu          , Xu          , Xu          , Xu          , Xu          
Ss          , Ss          , Xu          , Ds          , Xu          , Chs         , Xu          , Xu          , Xu          , Xu          , Xu          , Xu          , Xu          , Xu          , Xu          , Xu          , Chr         , Xu          , Xu          , Qxv         , Qxv         , Yr          , Uu^Ii       , Uh^Ii       , Uu          , Yr          , Yr          , Rd          , Qxv         , Xu          , Xu          , Xu          , Qlf         , Xu          , Xu          , Xu          , Xu          , Xu          , Xu          , Xu          , Xu          , Xu          
Xu          , Xu          , Xu          , Xu          , Xu          , Xu          , Xu          , Xu          , Xu          , Uu^Ufi      , Re^Uf       , Xu          , Uu^Ufi      , Xu          , Re^Uf       , Yr          , Uu^Vu       , Khr         , Xu          , Xu          , Xu          , Rd          , Uu          , Uh^Ii       , Yr          , Yr          , Uu          , Uu^Ii       , Qxv         , Xu          , Xu          , Xu          , Qlf         , Qlf         , Xu          , Xu          , Xu          , Xu          , Xu          , Xu          , Xu          , Xu          
Xu          , Xu          , Xu          , Xu          , Xu          , Xu          , Uu^Vud      , Uh          , Uh          , Uu^Ufi      , Uu^Uf       , Re^Uf       , Uu          , Uu^Uf       , Rd          , Yr          , Yr          , Chr         , Uu          , Xu          , Rd          , Uu          , Uu          , Uu^Ii       , Yr          , Yr          , Uh^Ii       , Uu^Vu       , Uh^Ii       , Qxv         , Xu          , Qlf         , Qlf         , Xu          , Ql          , Xu          , Xu          , Xu          , Xu          , Xu          , Xu          , Xu          
Xu          , Xu          , Xu          , Xu          , Uu^Uf       , Uh          , Uh          , Uu          , Rd          , Rd          , Qxv         , Re^Uf       , Qxv         , Rd          , Uu^Uf       , Yr          , Yr          , Uu          , Uu^Uf       , Rd          , Uu          , Uu^Ii       , Uu^Vud      , Uu          , Uh^Ii       , Uh          , Cud         , Uh^Ii       , Uh          , Qxv         , Qxv         , Qlf         , Qlf         , Xu          , Xu          , Ql          , Ql          , Xu          , Xu          , Xu          , Xu          , Xu          
Xu          , Xu          , Xu          , Xu          , Re^Uf       , Uu^Ufi      , Uu          , Yr          , Uu          , Qxv         , Qxv         , Qxv         , Qxv         , Qxv         , Qxv         , Qxv         , Chr         , Qxv         , Qxv         , Uu^Ufi      , Xu          , Yr          , Qxv         , Uh^Ii       , Uh          , Cud         , 4 Kud       , Cud         , Uh          , Uh^Ii       , Qxv         , Qxv         , Xu          , Xu          , Xu          , Xu          , Ql          , Xu          , Xu          , Xu          , Xu          , Xu          
Xu          , Xu          , Xu          , Xu          , Uh          , Re^Uf       , Uu          , Yr          , Uu          , Uu          , Uh          , Qxv         , Re^Uf       , Qxv         , Uu^Ufi      , Qxv         , Qxv         , Qxv         , Qxv         , Xu          , Xu          , Qxv         , Uh          , Uh^Ii       , Uh          , Cud         , Cud         , Cud         , Uh          , Uh^Ii       , Uh^Ii       , Qxv         , Xu          , Xu          , Xu          , Xu          , Ql          , Xu          , Ql          , Xu          , Xu          , Xu          
Xu          , Xu          , Xu          , Xu          , Uh          , Yr          , Uu^Vu       , Rd          , Rd          , Uu^Ufi      , Uu          , Uh          , Uu          , Uu^Vud      , Uu          , Uu^Uf       , Uu^Uf       , Qxv         , Qxv         , Xu          , Xu          , Qxv         , Uh^Ii       , Uh          , Uh^Ii       , Uh          , Uh          , Uh^Ii       , Uh^Ii       , Uh          , Qxv         , Qxv         , Xu          , Xu          , Xu          , Xu          , Xu          , Ql          , Xu          , Ql          , Ql          , Xu          
Xu          , Xu          , Xu          , Xu          , Uh          , Uh          , Re^Uf       , Uu          , Yr          , Yr          , Uu          , Uu          , Re^Uf       , Re^Uf       , Uh          , Uh          , Qxv         , Qxv         , Qxv         , Xu          , Xu          , Qxv         , Qxv         , Qxv         , Qxv         , Uh^Ii       , Qxv         , Uh^Ii       , Qxv         , Qxv         , Xu          , Xu          , Xu          , Xu          , Xu          , Xu          , Xu          , Xu          , Xu          , Xu          , Ql          , Xu          
Xu          , Xu          , Xu          , Xu          , Uh          , Re^Uf       , Uh          , Uu          , Yr          , Yr          , Yr          , Re^Uf       , Uh          , Uu^Ufi      , Uh          , Uh          , Qxv         , Qxv         , Xu          , Xu          , Xu          , Xu          , Xu          , Qxv         , Qxv         , Qxv         , Qxv         , Qxv         , Qlf         , Xu          , Ql          , Xu          , Xu          , Xu          , Xu          , Xu          , Xu          , Xu          , Ql          , Ql          , Xu          , Xu          
Xu          , Xu          , Xu          , Xu          , Xu          , Uu^Uf       , Uu^Ufi      , Uh          , Uu^Vud      , Rd          , Rd          , Uh          , Yr          , Uh          , Qxv         , Qxv         , Qxv         , Qxv         , Xu          , Xu          , Xu          , Xu          , Xu          , Xu          , Xu          , Xu          , Xu          , Xu          , Xu          , Qlf         , Qlf         , Xu          , Uu^Ii       , Xu          , Xu          , Xu          , Qxu         , Qxu         , Xu          , Xu          , Xu          , Xu          
Xu          , Xu          , Xu          , Xu          , Xu          , Xu          , Xu          , Xu          , Xu          , Xu          , Yr          , Yr          , Ryd         , Rd          , Ryd         , Qxv         , Rd          , Xu          , Yr          , Xu          , Yr          , Ql          , Ql          , Xu          , Xu          , Xu          , Ql          , Xu          , Qlf         , Qlf         , Xu          , Xu          , Xu          , Uu          , Uu          , Uu          , Xu          , Xu          , Xu          , Xu          , Xu          , Xu          
Xu          , Xu          , Xu          , Xu          , Xu          , Xu          , Xu          , Xu          , Xu          , Xu          , Xu          , Yr          , Uu          , Uu          , Uu          , Ryd         , Ql          , Yr          , Yr          , Yr          , Ql          , Yr          , Uu          , Ql          , Ql          , Ql          , Ql          , Ql          , Ql          , Qlf         , Qlf         , Xu          , Qlf         , Xu          , Xu          , Xu          , Xu          , Xu          , Xu          , Xu          , Xu          , Xu          
Xu          , Xu          , Xu          , Xu          , Xu          , Xu          , Qlf         , Xu          , Xu          , Xu          , Xu          , Xu          , Xu          , Uu          , Ql          , Rd          , Ryd         , Ql          , Ql          , Yr          , Ql          , Ql          , Ryd         , Ql          , Ql          , Ql          , Ql          , Ql          , Ql          , Qlf         , Xu          , Qlf         , Xu          , Qlf         , Qlf         , Xu          , Xu          , Xu          , Xu          , Xu          , Xu          , Xu          
Xu          , Xu          , Xu          , Xu          , Xu          , Xu          , Xu          , Qlf         , Qlf         , Xu          , Ql          , Ql          , Ql          , Ql          , Ql          , Ql          , Ryd         , Ql          , Ql          , Uu          , Ryd         , Ql          , Ql          , Ryd         , Ql          , Ql          , Ql          , Ql          , Ql          , Xu          , Xu          , Xu          , Xu          , Xu          , Qlf         , Qlf         , Xu          , Xu          , Xu          , Xu          , Xu          , Xu          
Xu          , Xu          , Xu          , Xu          , Xu          , Xu          , Xu          , Xu          , Qlf         , Qlf         , Ql          , Ql          , Ql          , Ql          , Ql          , Uu          , Uu          , Ql          , Ql          , Ql          , Uu          , Ql          , Ql          , Uu          , Ryd         , Ql          , Ql          , Ql          , Ql          , Xu          , Qlf         , Xu          , Xu          , Xu          , Qlf         , Qlf         , Xu          , Xu          , Xu          , Xu          , Xu          , Xu          
Xu          , Xu          , Xu          , Xu          , Xu          , Xu          , Xu          , Xu          , Qlf         , Qlf         , Ql          , Ql          , Ql          , Ql          , Ql          , Ryd         , Rd          , Ql          , Ql          , Ql          , Ryd         , Ql          , Ql          , Ql          , Ryd         , Ql          , Ql          , Ql          , Qlf         , Qlf         , Qlf         , Qlf         , Qlf         , Qlf         , Qlf         , Xu          , Xu          , Xu          , Xu          , Xu          , Xu          , Xu          
Xu          , Xu          , Xu          , Xu          , Xu          , Xu          , Xu          , Xu          , Qlf         , Ql          , Ql          , Ql          , Ql          , Ql          , Ql          , Uu          , Ryd         , Rd          , Uu          , Ql          , Ql          , Ryd         , Uu          , Ql          , Uu          , Ql          , Ql          , Xu          , Xu          , Xu          , Xu          , Xu          , Xu          , Xu          , Xu          , Qlf         , Qlf         , Xu          , Xu          , Xu          , Xu          , Xu          
Xu          , Xu          , Xu          , Xu          , Xu          , Xu          , Qlf         , Qlf         , Qlf         , Ql          , Ql          , Ql          , Ql          , Ql          , Ql          , Ql          , Ql          , Rd          , Ryd         , Ql          , Ql          , Ql          , Ql          , Uu          , Rd          , Uu          , Xu          , Xu          , Xu          , Xu          , Xu          , Xu          , Xu          , Xu          , Xu          , Xu          , Xu          , Xu          , Xu          , Xu          , Xu          , Xu          
Xu          , Xu          , Xu          , Xu          , Xu          , Xu          , Qlf         , Qlf         , Xu          , Ql          , Ql          , Ql          , Ql          , Ql          , Qlf         , Ql          , Ql          , Uu          , Ryd         , Ql          , Ql          , Ql          , Uu          , Uu          , Rd          , Uu          , Xu          , Xu          , Xu          , Xu          , Xu          , Xu          , Qxv         , Xu          , Qxv         , Qxv         , Qxv         , Xu          , Xu          , Xu          , Xu          , Xu          
Xu          , Xu          , Xu          , Xu          , Xu          , Xu          , Xu          , Xu          , Xu          , Qlf         , Qlf         , Ql          , Xu          , Qlf         , Xu          , Xu          , Xu          , Uu          , Rd          , Uu          , Xu          , Xu          , Rd          , Uu          , Cud         , Xu          , Xu          , Xu          , Uu^Uf       , Xu          , Uu^Vud      , Qxv         , Xu          , Xu          , Xu          , Xu          , Xu          , Qxv         , Qxv         , Xu          , Xu          , Xu          
Xu          , Xu          , Xu          , Xu          , Qlf         , Qlf         , Qlf         , Qlf         , Qlf         , Qlf         , Xu          , Xu          , Qlf         , Qlf         , Xu          , Xu          , Cud         , Uu          , Uu          , Ryd         , Ryd         , Uu          , Ryd         , Cud         , Xu          , Xu          , Uu^Uf       , Uu^Ufi      , Uu^Vu       , Uu^Uf       , Uu^Ufi      , Xu          , Xu          , Xu          , Xu          , Xu          , Xu          , Xu          , Qxv         , Xu          , Xu          , Xu          
Xu          , Xu          , Xu          , Xu          , Qlf         , Qlf         , Qlf         , Qlf         , Qlf         , Qlf         , Qlf         , Qlf         , Xu          , Xu          , Xu          , Xu          , Xu          , Uu          , Uu          , Uu          , Uu          , Rd          , Ryd         , Cud         , Uu^Uf       , Uu^Uf       , Cud         , Uu^Uf       , Uu^Ufi      , Uu^Uf       , Uu^Ufi      , Uu^Vu       , Xu          , Xu          , Xu          , Xu          , Xu          , Xu          , Qxv         , Xu          , Xu          , Xu          
Xu          , Xu          , Xu          , Xu          , Qlf         , Qlf         , Qlf         , Qlf         , Qlf         , Xu          , Xu          , Xu          , Xu          , Xu          , Xu          , Xu          , Xu          , Qxv         , Qxv         , Uu          , Qxv         , Uu          , Uu          , Yr          , Yr          , Cud         , 3 Kud       , Uu^Uf       , Yr          , Uu^Vud      , Uu^Ufi      , Uu^Uf       , Xu          , Xu          , Xu          , Xu          , Xu          , Xu          , Qxv         , Xu          , Xu          , Xu          
Xu          , Xu          , Xu          , Xu          , Xu          , Qlf         , Qlf         , Qlf         , Xu          , Xu          , Xu          , Uu^Vud      , Uu^Uf       , Xu          , Xu          , Xu          , Xu          , Xu          , Qxv         , Qxv         , Qxv         , Qxv         , Qxv         , Yr          , Yr          , Cud         , Cud         , Cud         , Yr          , Uu^Ufi      , Uu^Ufi      , Uu^Vud      , Xu          , Xu          , Xu          , Xu          , Xu          , Xu          , Qxv         , Qxv         , Uu^Ii       , Xu          
Xu          , Xu          , Xu          , Xu          , Xu          , Xu          , Xu          , Xu          , Xu          , Xu          , Xu          , Cud         , Cud         , Uu^Vu       , Uh          , Uh          , Uh          , Xu          , Xu          , Qxv         , Uu          , Qxv         , Uu          , Yr          , Yr          , Uh          , Uu^Uf       , Uu^Ufi      , Uu^Ufi      , Uu^Vu       , Xu          , Xu          , Uu          , Xu          , Xu          , Xu          , Xu          , Xu          , Xu          , Qxv         , Qxv         , Xu          
Xu          , Xu          , Xu          , Xu          , Xu          , Xu          , Xu          , Xu          , Xu          , Xu          , Cud         , 2 Kud       , Cud         , Uu^Ufi      , Yr          , Yr          , Uu          , Uu          , Yr          , Uu          , Yr          , Uu          , Rd          , Rd          , Uh          , Uh          , Xu          , Uu^Ufi      , Xu          , Xu          , Xu          , Xu          , Xu          , Uu          , Uu          , Xu          , Xu          , Xu          , Uu          , Qxv         , Xu          , Xu          
Xu          , Xu          , Xu          , Xu          , Xu          , Xu          , Xu          , Xu          , Xu          , Uu^Vud      , Uu^Ufi      , Cud         , Uu^Vu       , Yr          , Yr          , Yr          , Uu^Vud      , Yr          , Uu^Ufi      , Uu^Ii       , Uh          , Uu          , Uh          , Uh          , Xu          , Xu          , Xu          , Xu          , Xu          , Xu          , Xu          , Xu          , Xu          , Xu          , Xu          , Uu          , Uu          , Uu          , Xu          , Xu          , Xu          , Xu          
Xu          , Xu          , Xu          , Xu          , Xu          , Xu          , Qxv         , Qxv         , Uh          , Xu          , Uu^Ufi      , Uu^Ii       , Rd          , Uu          , Uh          , Yr          , Uu^Uf       , Uh          , Qxv         , Uh^Ii       , Qxv         , Uh          , Qxv         , Qxv         , Xu          , Xu          , Xu          , Xu          , Xu          , Xu          , Xu          , Xu          , Xu          , Xu          , Xu          , Xu          , Xu          , Uu          , Uu          , Xu          , Xu          , Xu          
Xu          , Xu          , Xu          , Xu          , Xu          , Qxv         , Qxv         , Qxv         , Uh          , Uu^Uf       , Yr          , Rd          , Uh^Ii       , Uu^Ufi      , Qxv         , Qxv         , Qxv         , Qxv         , Qxv         , Qxv         , Qxv         , Qxv         , Qxv         , Qxv         , Xu          , Xu          , Xu          , Xu          , Xu          , Xu          , Xu          , Xu          , Xu          , Xu          , Xu          , Xu          , Xu          , Xu          , Xu          , Uu          , Uu          , Xu          
Xu          , Xu          , Xu          , Xu          , Xu          , Qxv         , Qxv         , Uh^Ii       , Uu^Ii       , Yr          , Uu          , Uu^Ii       , Uh^Ii       , Uu^Uf       , Xu          , Qxv         , Xu          , Qxv         , Xu          , Xu          , Xu          , Xu          , Xu          , Xu          , Xu          , Xu          , Xu          , Xu          , Xu          , Xu          , Xu          , Xu          , Xu          , Xu          , Xu          , Xu          , Xu          , Xu          , Xu          , Xu          , Xu          , Uu          
Xu          , Xu          , Xu          , Xu          , Xu          , Qxv         , Qxv         , Uu^Ufi      , Uu          , Yr          , Uu^Vud      , Uu^Uf       , Xu          , Xu          , Xu          , Xu          , Xu          , Xu          , Xu          , Xu          , Xu          , Xu          , Xu          , Xu          , Xu          , Xu          , Xu          , Xu          , Xu          , Xu          , Xu          , Xu          , Xu          , Xu          , Xu          , Xu          , Xu          , Xu          , Xu          , Xu          , Xu          , Xu          
Xu          , Xu          , Xu          , Xu          , Xu          , Xu          , Uh          , Uu^Uf       , Yr          , Yr          , Uu^Uf       , Uu^Ufi      , Xu          , Xu          , Xu          , Xu          , Xu          , Xu          , Xu          , Xu          , Xu          , Xu          , Xu          , Xu          , Xu          , Xu          , Xu          , Xu          , Xu          , Xu          , Xu          , Xu          , Xu          , Xu          , Xu          , Xu          , Xu          , Xu          , Xu          , Xu          , Xu          , Xu          
Xu          , Xu          , Xu          , Xu          , Yr          , Uh          , Uu^Uf       , Yr          , Yr          , Yr          , Uu          , Xu          , Yr          , Xu          , Xu          , Xu          , Xu          , Xu          , Xu          , Xu          , Xu          , Xu          , Xu          , Xu          , Xu          , Xu          , Xu          , Xu          , Xu          , Xu          , Xu          , Xu          , Xu          , Xu          , Xu          , Xu          , Xu          , Xu          , Xu          , Xu          , Xu          , Xu          
Xu          , Xu          , Xu          , Yr          , Yr          , Yr          , Rd          , Uu^Uf       , Yr          , Uu          , Uu^Uf       , Yr          , Yr          , Yr          , Xu          , Xu          , Xu          , Xu          , Xu          , Xu          , Xu          , Xu          , Xu          , Xu          , Xu          , Xu          , Xu          , Xu          , Xu          , Xu          , Xu          , Xu          , Xu          , Xu          , Xu          , Xu          , Xu          , Xu          , Xu          , Xu          , Xu          , Xu          
Xu          , Xu          , Xu          , Yr          , Ss          , Ss          , Ss          , Ds          , Uu          , Uu^Uf       , Uu          , Yr          , Ss          , Yr          , Xu          , Xu          , Xu          , Xu          , Xu          , Xu          , Xu          , Xu          , Xu          , Xu          , Xu          , Xu          , Xu          , Xu          , Xu          , Xu          , Xu          , Xu          , Xu          , Xu          , Xu          , Xu          , Xu          , Xu          , Xu          , Xu          , Xu          , Xu          
Xu          , Xu          , Xu          , Xu          , Ss          , Ss^Vm       , Ss          , Ds          , Uu          , Uu^Uf       , Rd          , Ss          , Ss          , Yr          , Ss          , Xu          , Xu          , Xu          , Xu          , Xu          , Xu          , Xu          , Xu          , Xu          , Xu          , Xu          , Xu          , Xu          , Xu          , Xu          , Xu          , Xu          , Xu          , Xu          , Xu          , Xu          , Xu          , Xu          , Xu          , Xu          , Xu          , Xu          
Xu          , Xu          , Xu          , Xu          , Ss          , Ss          , Ss          , Ss          , Ss          , Ds          , Ss          , Ss          , Ss          , Ss          , Ss          , Xu          , Xu          , Xu          , Xu          , Xu          , Xu          , Xu          , Xu          , Xu          , Xu          , Xu          , Xu          , Xu          , Xu          , Xu          , Xu          , Xu          , Xu          , Xu          , Xu          , Xu          , Xu          , Xu          , Xu          , Xu          , Xu          , Xu          
Xu          , Xu          , Ss          , Ss          , Ss          , Ss          , Ss          , Ss          , Ds          , Ss          , Ss          , Ss          , Ss          , Ss^Vm       , Ss          , Xu          , Xu          , Xu          , Xu          , Xu          , Xu          , Xu          , Xu          , Xu          , Xu          , Xu          , Xu          , Xu          , Xu          , Xu          , Xu          , Xu          , Xu          , Xu          , Xu          , Xu          , Xu          , Xu          , Xu          , Xu          , Xu          , Xu          
Ss          , Ss          , Ss          , Ss          , Ss          , Ss^Vm       , Ss          , Rd          , Uu          , Rd          , Rd          , Ss          , Xu          , Ss          , Xu          , Xu          , Xu          , Xu          , Xu          , Xu          , Xu          , Xu          , Xu          , Xu          , Xu          , Xu          , Xu          , Xu          , Xu          , Xu          , Xu          , Xu          , Xu          , Xu          , Xu          , Xu          , Xu          , Xu          , Xu          , Xu          , Xu          , Xu          
Ss          , Ss          , Ss          , Ss          , Ss          , Ss          , Xu          , Ds          , Uu          , Rd          , Uu          , Xu          , Xu          , Xu          , Xu          , Xu          , Xu          , Xu          , Xu          , Xu          , Xu          , Xu          , Xu          , Xu          , Xu          , Xu          , Xu          , Xu          , Xu          , Xu          , Xu          , Xu          , Xu          , Xu          , Xu          , Xu          , Xu          , Xu          , Xu          , Xu          , Xu          , Xu          
Ss          , Ss          , Ss          , Ss          , Xu          , Xu          , Xu          , Xu          , Uh          , Rd          , Rd          , Uu^Uf       , Xu          , Xu          , Xu          , Xu          , Xu          , Xu          , Xu          , Xu          , Xu          , Xu          , Xu          , Xu          , Xu          , Xu          , Xu          , Xu          , Xu          , Xu          , Xu          , Xu          , Xu          , Xu          , Xu          , Xu          , Xu          , Xu          , Xu          , Xu          , Xu          , Xu          
Ss          , Ss          , Xu          , Xu          , Xu          , Xu          , Xu          , Xu          , Xu          , Uh          , Rd          , Uu^Uf       , Uu          , Xu          , Xu          , Xu          , Xu          , Xu          , Xu          , Xu          , Xu          , Xu          , Xu          , Xu          , Xu          , Xu          , Xu          , Xu          , Xu          , Xu          , Xu          , Xu          , Xu          , Xu          , Xu          , Xu          , Xu          , Xu          , Xu          , Xu          , Xu          , Xu          
Ss          , Xu          , Xu          , Xu          , Xu          , Xu          , Xu          , Xu          , Xu          , Uh          , Uh          , Rd          , Uu          , Uh          , Uu^Ufi      , Xu          , Xu          , Xu          , Xu          , Xu          , Xu          , Xu          , Xu          , Xu          , Xu          , Xu          , Xu          , Xu          , Xu          , Xu          , Xu          , Xu          , Xu          , Xu          , Xu          , Xu          , Xu          , Xu          , Xu          , Xu          , Xu          , Xu          
Xu          , Xu          , Xu          , Xu          , Xu          , Xu          , Xu          , Xu          , Xu          , Xz          , Xz          , Xz          , Xz          , Xz          , Xz          , Xu          , Xu          , Xu          , Xu          , Xu          , Xu          , Xu          , Xu          , Xu          , Xu          , Xu          , Xu          , Xu          , Xu          , Xu          , Xu          , Xu          , Xu          , Xu          , Xu          , Xu          , Xu          , Xu          , Xu          , Xu          , Xu          , Xu          
Xu          , Xu          , Xu          , Xu          , Xu          , Xu          , Xu          , Xu          , Xu          , Uh          , Uu          , Rd          , Uh^Ii       , Uu          , Uh          , Xu          , Xu          , Xu          , Xu          , Xu          , Xu          , Xu          , Xu          , Xu          , Xu          , Xu          , Xu          , Xu          , Xu          , Xu          , Xu          , Xu          , Xu          , Xu          , Xu          , Xu          , Xu          , Xu          , Xu          , Xu          , Xu          , Xu          
Xu          , Xu          , Xu          , Xu          , Xu          , Xu          , Xu          , Uh^Ii       , Uh          , Uu          , Rd          , Rd          , Uh^Ii       , Uu^Uf       , Uh          , Xu          , Xu          , Xu          , Xu          , Xu          , Xu          , Xu          , Xu          , Xu          , Xu          , Xu          , Xu          , Xu          , Xu          , Xu          , Xu          , Xu          , Xu          , Xu          , Xu          , Xu          , Xu          , Xu          , Xu          , Xu          , Xu          , Xu          
Xu          , Xu          , Xu          , Xu          , Xu          , Xu          , Xu          , Uh^Ii       , Uh          , Uu          , Uu          , Uu          , Uu^Uf       , Uh          , Uh          , Uh          , Xu          , Xu          , Xu          , Xu          , Xu          , Xu          , Xu          , Xu          , Xu          , Xu          , Xu          , Xu          , Xu          , Xu          , Xu          , Xu          , Xu          , Xu          , Xu          , Xu          , Xu          , Xu          , Xu          , Xu          , Xu          , Xu          
Xu          , Xu          , Xu          , Xu          , Xu          , Xu          , Xu          , Uh^Ii       , Uu          , Uh          , Rd          , Uu^Ufi      , Uu^Ufi      , Uu^Uf       , Uh          , Xu          , Xu          , Xu          , Xu          , Xu          , Xu          , Xu          , Xu          , Xu          , Xu          , Xu          , Xu          , Xu          , Xu          , Xu          , Xu          , Xu          , Xu          , Xu          , Xu          , Xu          , Xu          , Xu          , Xu          , Xu          , Xu          , Xu          
Xu          , Xu          , Xu          , Xu          , Xu          , Xu          , Xu          , Uh^Ii       , Uu^Ii       , Uu          , Rd          , Uu^Ufi      , Uu^Ii       , Uh^Ii       , Uu^Uf       , Xu          , Xu          , Xu          , Xu          , Xu          , Xu          , Xu          , Xu          , Xu          , Xu          , Xu          , Xu          , Xu          , Xu          , Xu          , Xu          , Xu          , Xu          , Xu          , Xu          , Xu          , Xu          , Xu          , Xu          , Xu          , Xu          , Xu          
Xu          , Xu          , Xu          , Xu          , Xu          , Xu          , Uh^Ii       , Uh^Ii       , Uu^Ufi      , Uu^Uf       , Uu          , Rd          , Uu          , Uh          , Uh          , Xu          , Xu          , Xu          , Xu          , Xu          , Xu          , Xu          , Xu          , Xu          , Xu          , Xu          , Xu          , Xu          , Xu          , Xu          , Xu          , Xu          , Xu          , Xu          , Xu          , Xu          , Xu          , Xu          , Xu          , Xu          , Xu          , Xu          
Xu          , Xu          , Xu          , Xu          , Xu          , Xu          , Uu^Uf       , Uh^Ii       , Uu^Ufi      , Uu^Uf       , Uu^Uf       , Uu          , Rd          , Uh          , Uu^Uf       , Xu          , Xu          , Xu          , Xu          , Xu          , Xu          , Xu          , Xu          , Xu          , Xu          , Xu          , Xu          , Xu          , Xu          , Xu          , Xu          , Xu          , Xu          , Xu          , Xu          , Xu          , Xu          , Xu          , Xu          , Xu          , Xu          , Xu          
Xu          , Xu          , Xu          , Xu          , Xu          , Uu^Uf       , Uu^Uf       , Uh          , Uh^Ii       , Uu^Ii       , Uu          , Rd          , Uh          , Uh          , Xu          , Xu          , Xu          , Xu          , Xu          , Xu          , Xu          , Xu          , Xu          , Xu          , Xu          , Xu          , Xu          , Xu          , Xu          , Xu          , Xu          , Xu          , Xu          , Xu          , Xu          , Xu          , Xu          , Xu          , Xu          , Xu          , Xu          , Xu          
Xu          , Xu          , Xu          , Xu          , Xu          , Xu          , Uu^Uf       , Uh          , Uu^Ii       , Uu^Ii       , Rd          , Rd          , Uu^Ufi      , Uh          , Xu          , Xu          , Xu          , Xu          , Xu          , Xu          , Xu          , Xu          , Xu          , Xu          , Xu          , Xu          , Xu          , Xu          , Xu          , Xu          , Xu          , Xu          , Xu          , Xu          , Xu          , Xu          , Md^Xm       , Xu          , Xu          , Xu          , Xu          , Xu          
Xu          , Xu          , Xu          , Xu          , Xu          , Uu^Uf       , Uh^Ii       , Uh          , Uu^Uf       , Uu          , Uu          , Uu^Ii       , Uh^Ii       , Xu          , Xu          , Xu          , Xu          , Xu          , Xu          , Xu          , Xu          , Xu          , Xu          , Xu          , Xu          , Md^Xm       , Md^Xm       , Md^Xm       , Md^Xm       , Md^Xm       , Md^Xm       , Md^Xm       , Md^Xm       , Md^Xm       , Md^Xm       , Md^Xm       , Md^Xm       , Md^Xm       , Md^Xm       , Md^Xm       , Md^Xm       , Md^Xm       
Xu          , Xu          , Xu          , Xu          , Uh          , Uu^Uf       , Uh^Ii       , Uh^Ii       , Rd          , Uu          , Uh^Ii       , Uu^Ii       , Uh^Ii       , Xu          , Xu          , Xu          , Xu          , Xu          , Xu          , Xu          , Xu          , Xu          , Xu          , Xu          , Md^Xm       , Md^Xm       , Md^Xm       , Md^Xm       , Md^Xm       , Md^Xm       , Md^Xm       , Md^Xm       , Md^Xm       , Md^Xm       , Md^Xm       , Md^Xm       , Md^Xm       , Md^Xm       , Md^Xm       , Md^Xm       , Md^Xm       , Md^Xm       
Md^Xm       , Xu          , Md^Xm       , Xu          , Uh          , Uu^Uf       , Uh^Ii       , Uu^Ii       , Rd          , Uu^Ii       , Uh^Ii       , Uh^Ii       , Uh          , Xu          , Xu          , Xu          , Xu          , Xu          , Xu          , Xu          , Xu          , Xu          , Md^Xm       , Md^Xm       , Md^Xm       , Md^Xm       , Md^Xm       , Md^Xm       , Md^Xm       , Md^Xm       , Md^Xm       , Md^Xm       , Md^Xm       , Md^Xm       , Md^Xm       , Md^Xm       , Md^Xm       , Md^Xm       , Md^Xm       , Md^Xm       , Md^Xm       , Md^Xm       
Md^Xm       , Md^Xm       , Md^Xm       , Md^Xm       , Md^Xm       , Uh          , Ds          , Rd          , Rd          , Uu          , Uh          , Uu^Uf       , Uh          , Xu          , Xu          , Xu          , Xu          , Xu          , Md^Xm       , Md^Xm       , Md^Xm       , Md^Xm       , Md^Xm       , Md^Xm       , Md^Xm       , Md^Xm       , Md^Xm       , Md^Xm       , Md^Xm       , Md^Xm       , Md^Xm       , Md^Xm       , Md^Xm       , Md^Xm       , Md^Xm       , Md^Xm       , Md^Xm       , Md^Xm       , Md^Xm       , Md^Xm       , Md^Xm       , Md^Xm       
Md^Xm       , Md^Xm       , Md          , Hd          , Hd          , Hd          , Rd          , Rd          , Md          , Ds          , Md          , Uh          , Md          , Md^Xm       , Md^Xm       , Md^Xm       , Md^Xm       , Md^Xm       , Md^Xm       , Md^Xm       , Md^Xm       , Md^Xm       , Md^Xm       , Md^Xm       , Md^Xm       , Md^Xm       , Md^Xm       , Md^Xm       , Md^Xm       , Md^Xm       , Md^Xm       , Md^Xm       , Md^Xm       , Md^Xm       , Md^Xm       , Md^Xm       , Md^Xm       , Md^Xm       , Md^Xm       , Md^Xm       , Md^Xm       , Md^Xm       
Md^Xm       , Md^Xm       , Md          , Hd          , Rd          , Rd          , Ce          , Hd          , Md          , Md          , Hd          , Md          , Md          , Md          , Md          , Md^Xm       , Md^Xm       , Md^Xm       , Md^Xm       , Md^Xm       , Md^Xm       , Md^Xm       , Md^Xm       , Md^Xm       , Md^Xm       , Md^Xm       , Md^Xm       , Md^Xm       , Md^Xm       , Md^Xm       , Md^Xm       , Md^Xm       , Md^Xm       , Md^Xm       , Md^Xm       , Md^Xm       , Md^Xm       , Md^Xm       , Md^Xm       , Md^Xm       , Md^Xm       , Md^Xm       
Md^Xm       , Md^Xm       , Md          , Hd          , Rd          , Ce          , Ke          , Ce          , Hd          , Hd          , Hd          , Hd          , Ds          , Md          , Md          , Md^Xm       , Md^Xm       , Md^Xm       , Md^Xm       , Md^Xm       , Md^Xm       , Md^Xm       , Md^Xm       , Md^Xm       , Md^Xm       , Md^Xm       , Md^Xm       , Md^Xm       , Md^Xm       , Md^Xm       , Md^Xm       , Md^Xm       , Md^Xm       , Md^Xm       , Md^Xm       , Md^Xm       , Md^Xm       , Md^Xm       , Md^Xm       , Md^Xm       , Md^Xm       , Md^Xm       
Hd          , Md          , Hd          , Ds          , Rd          , Ce          , Ce          , Ce          , Hd          , Hd          , Dd          , Hd          , Ds          , Ds          , Md          , Md^Xm       , Md^Xm       , Md^Xm       , Md^Xm       , Md^Xm       , Md^Xm       , Md^Xm       , Md^Xm       , Md^Xm       , Md^Xm       , Md^Xm       , Md^Xm       , Md^Xm       , Md^Xm       , Md^Xm       , Md^Xm       , Md^Xm       , Md^Xm       , Md^Xm       , Md^Xm       , Md^Xm       , Md^Xm       , Md^Xm       , Md^Xm       , Md^Xm       , Md^Xm       , Md^Xm       
Hd          , Ds          , Ds          , Ds          , Rd          , Rd          , Dd          , Dd          , Ds          , Ds          , Dd          , Dd          , Dd          , Ds          , Md          , Md          , Md          , Md^Xm       , Md^Xm       , Md^Xm       , Md^Xm       , Md^Xm       , Md^Xm       , Md^Xm       , Md^Xm       , Md^Xm       , Md^Xm       , Md^Xm       , Md^Xm       , Md^Xm       , Md^Xm       , Md^Xm       , Md^Xm       , Md^Xm       , Md^Xm       , Md^Xm       , Md^Xm       , Md^Xm       , Md^Xm       , Md^Xm       , Md^Xm       , Md^Xm       
Hd          , Dd          , Ds          , Dd          , Rd          , Rd          , Rd          , Dd          , Ds          , Ds          , Ds          , Dd          , Dd          , Hd          , Hd          , Md          , Md          , Md^Xm       , Md^Xm       , Md^Xm       , Md^Xm       , Md^Xm       , Md^Xm       , Md^Xm       , Md^Xm       , Md^Xm       , Md^Xm       , Md^Xm       , Md^Xm       , Md^Xm       , Md^Xm       , Md^Xm       , Md^Xm       , Md^Xm       , Md^Xm       , Md^Xm       , Md^Xm       , Md^Xm       , Md^Xm       , Md^Xm       , Md^Xm       , Md^Xm       
